Archive member included to satisfy reference by file (symbol)

c:/gcc-arm-none-eabi-10.3-2021.10/bin/../lib/gcc/arm-none-eabi/10.3.1/../../../../arm-none-eabi/lib/thumb/v7e-m+fp/hard\libc_nano.a(lib_a-exit.o)
                              c:/gcc-arm-none-eabi-10.3-2021.10/bin/../lib/gcc/arm-none-eabi/10.3.1/../../../../arm-none-eabi/lib/thumb/v7e-m+fp/hard/crt0.o (exit)
c:/gcc-arm-none-eabi-10.3-2021.10/bin/../lib/gcc/arm-none-eabi/10.3.1/../../../../arm-none-eabi/lib/thumb/v7e-m+fp/hard\libc_nano.a(lib_a-impure.o)
                              c:/gcc-arm-none-eabi-10.3-2021.10/bin/../lib/gcc/arm-none-eabi/10.3.1/../../../../arm-none-eabi/lib/thumb/v7e-m+fp/hard\libc_nano.a(lib_a-exit.o) (_global_impure_ptr)
c:/gcc-arm-none-eabi-10.3-2021.10/bin/../lib/gcc/arm-none-eabi/10.3.1/../../../../arm-none-eabi/lib/thumb/v7e-m+fp/hard\libc_nano.a(lib_a-init.o)
                              c:/gcc-arm-none-eabi-10.3-2021.10/bin/../lib/gcc/arm-none-eabi/10.3.1/../../../../arm-none-eabi/lib/thumb/v7e-m+fp/hard/crt0.o (__libc_init_array)
c:/gcc-arm-none-eabi-10.3-2021.10/bin/../lib/gcc/arm-none-eabi/10.3.1/../../../../arm-none-eabi/lib/thumb/v7e-m+fp/hard\libc_nano.a(lib_a-memset.o)
                              c:/gcc-arm-none-eabi-10.3-2021.10/bin/../lib/gcc/arm-none-eabi/10.3.1/../../../../arm-none-eabi/lib/thumb/v7e-m+fp/hard/crt0.o (memset)
c:/gcc-arm-none-eabi-10.3-2021.10/bin/../lib/gcc/arm-none-eabi/10.3.1/../../../../arm-none-eabi/lib/thumb/v7e-m+fp/hard\libc_nano.a(lib_a-strlen.o)
                              build/main.o (strlen)
c:/gcc-arm-none-eabi-10.3-2021.10/bin/../lib/gcc/arm-none-eabi/10.3.1/../../../../arm-none-eabi/lib/thumb/v7e-m+fp/hard\libnosys.a(_exit.o)
                              c:/gcc-arm-none-eabi-10.3-2021.10/bin/../lib/gcc/arm-none-eabi/10.3.1/../../../../arm-none-eabi/lib/thumb/v7e-m+fp/hard\libc_nano.a(lib_a-exit.o) (_exit)
c:/gcc-arm-none-eabi-10.3-2021.10/bin/../lib/gcc/arm-none-eabi/10.3.1/thumb/v7e-m+fp/hard\libgcc.a(_aeabi_uldivmod.o)
                              build/stm32f4xx_hal_rcc.o (__aeabi_uldivmod)
c:/gcc-arm-none-eabi-10.3-2021.10/bin/../lib/gcc/arm-none-eabi/10.3.1/thumb/v7e-m+fp/hard\libgcc.a(_udivmoddi4.o)
                              c:/gcc-arm-none-eabi-10.3-2021.10/bin/../lib/gcc/arm-none-eabi/10.3.1/thumb/v7e-m+fp/hard\libgcc.a(_aeabi_uldivmod.o) (__udivmoddi4)
c:/gcc-arm-none-eabi-10.3-2021.10/bin/../lib/gcc/arm-none-eabi/10.3.1/thumb/v7e-m+fp/hard\libgcc.a(_dvmd_tls.o)
                              c:/gcc-arm-none-eabi-10.3-2021.10/bin/../lib/gcc/arm-none-eabi/10.3.1/thumb/v7e-m+fp/hard\libgcc.a(_aeabi_uldivmod.o) (__aeabi_ldiv0)

Discarded input sections

 .text          0x00000000        0x0 c:/gcc-arm-none-eabi-10.3-2021.10/bin/../lib/gcc/arm-none-eabi/10.3.1/thumb/v7e-m+fp/hard/crti.o
 .data          0x00000000        0x0 c:/gcc-arm-none-eabi-10.3-2021.10/bin/../lib/gcc/arm-none-eabi/10.3.1/thumb/v7e-m+fp/hard/crti.o
 .bss           0x00000000        0x0 c:/gcc-arm-none-eabi-10.3-2021.10/bin/../lib/gcc/arm-none-eabi/10.3.1/thumb/v7e-m+fp/hard/crti.o
 .data          0x00000000        0x4 c:/gcc-arm-none-eabi-10.3-2021.10/bin/../lib/gcc/arm-none-eabi/10.3.1/thumb/v7e-m+fp/hard/crtbegin.o
 .rodata        0x00000000       0x24 c:/gcc-arm-none-eabi-10.3-2021.10/bin/../lib/gcc/arm-none-eabi/10.3.1/thumb/v7e-m+fp/hard/crtbegin.o
 .text          0x00000000       0x7c c:/gcc-arm-none-eabi-10.3-2021.10/bin/../lib/gcc/arm-none-eabi/10.3.1/../../../../arm-none-eabi/lib/thumb/v7e-m+fp/hard/crt0.o
 .data          0x00000000        0x0 c:/gcc-arm-none-eabi-10.3-2021.10/bin/../lib/gcc/arm-none-eabi/10.3.1/../../../../arm-none-eabi/lib/thumb/v7e-m+fp/hard/crt0.o
 .bss           0x00000000        0x0 c:/gcc-arm-none-eabi-10.3-2021.10/bin/../lib/gcc/arm-none-eabi/10.3.1/../../../../arm-none-eabi/lib/thumb/v7e-m+fp/hard/crt0.o
 .ARM.extab     0x00000000        0x0 c:/gcc-arm-none-eabi-10.3-2021.10/bin/../lib/gcc/arm-none-eabi/10.3.1/../../../../arm-none-eabi/lib/thumb/v7e-m+fp/hard/crt0.o
 .ARM.exidx     0x00000000       0x10 c:/gcc-arm-none-eabi-10.3-2021.10/bin/../lib/gcc/arm-none-eabi/10.3.1/../../../../arm-none-eabi/lib/thumb/v7e-m+fp/hard/crt0.o
 .ARM.attributes
                0x00000000       0x1c c:/gcc-arm-none-eabi-10.3-2021.10/bin/../lib/gcc/arm-none-eabi/10.3.1/../../../../arm-none-eabi/lib/thumb/v7e-m+fp/hard/crt0.o
 .text          0x00000000        0x0 build/main.o
 .data          0x00000000        0x0 build/main.o
 .bss           0x00000000        0x0 build/main.o
 .text          0x00000000        0x0 build/stm32f4xx_it.o
 .data          0x00000000        0x0 build/stm32f4xx_it.o
 .bss           0x00000000        0x0 build/stm32f4xx_it.o
 .text          0x00000000        0x0 build/stm32f4xx_hal_msp.o
 .data          0x00000000        0x0 build/stm32f4xx_hal_msp.o
 .bss           0x00000000        0x0 build/stm32f4xx_hal_msp.o
 .text          0x00000000        0x0 build/usb_device.o
 .data          0x00000000        0x0 build/usb_device.o
[...]
Memory Configuration

Name             Origin             Length             Attributes
RAM              0x20000000         0x00020000         xrw
FLASH            0x08000000         0x00080000         xr
*default*        0x00000000         0xffffffff

Linker script and memory map

LOAD c:/gcc-arm-none-eabi-10.3-2021.10/bin/../lib/gcc/arm-none-eabi/10.3.1/thumb/v7e-m+fp/hard/crti.o
LOAD c:/gcc-arm-none-eabi-10.3-2021.10/bin/../lib/gcc/arm-none-eabi/10.3.1/thumb/v7e-m+fp/hard/crtbegin.o
LOAD c:/gcc-arm-none-eabi-10.3-2021.10/bin/../lib/gcc/arm-none-eabi/10.3.1/../../../../arm-none-eabi/lib/thumb/v7e-m+fp/hard/crt0.o
LOAD build/main.o
LOAD build/stm32f4xx_it.o
LOAD build/stm32f4xx_hal_msp.o
LOAD build/usb_device.o
LOAD build/usbd_desc.o
LOAD build/usbd_cdc_if.o
LOAD build/usbd_conf.o
LOAD build/stm32f4xx_hal_pcd.o
LOAD build/stm32f4xx_hal_pcd_ex.o
LOAD build/stm32f4xx_ll_usb.o
LOAD build/stm32f4xx_hal_rcc.o
LOAD build/stm32f4xx_hal_rcc_ex.o
LOAD build/stm32f4xx_hal_flash.o
LOAD build/stm32f4xx_hal_flash_ex.o
LOAD build/stm32f4xx_hal_flash_ramfunc.o
LOAD build/stm32f4xx_hal_gpio.o
LOAD build/stm32f4xx_hal_dma_ex.o
LOAD build/stm32f4xx_hal_dma.o
LOAD build/stm32f4xx_hal_pwr.o
LOAD build/stm32f4xx_hal_pwr_ex.o
LOAD build/stm32f4xx_hal_cortex.o
LOAD build/stm32f4xx_hal.o
LOAD build/stm32f4xx_hal_exti.o
LOAD build/stm32f4xx_hal_tim.o
LOAD build/stm32f4xx_hal_tim_ex.o
LOAD build/system_stm32f4xx.o
LOAD build/usbd_core.o
LOAD build/usbd_ctlreq.o
LOAD build/usbd_ioreq.o
LOAD build/usbd_cdc.o
LOAD build/startup_stm32f411xe.o
LOAD c:/gcc-arm-none-eabi-10.3-2021.10/bin/../lib/gcc/arm-none-eabi/10.3.1/../../../../arm-none-eabi/lib/thumb/v7e-m+fp/hard\libc_nano.a
LOAD c:/gcc-arm-none-eabi-10.3-2021.10/bin/../lib/gcc/arm-none-eabi/10.3.1/../../../../arm-none-eabi/lib/thumb/v7e-m+fp/hard\libm.a
LOAD c:/gcc-arm-none-eabi-10.3-2021.10/bin/../lib/gcc/arm-none-eabi/10.3.1/../../../../arm-none-eabi/lib/thumb/v7e-m+fp/hard\libnosys.a
START GROUP
LOAD c:/gcc-arm-none-eabi-10.3-2021.10/bin/../lib/gcc/arm-none-eabi/10.3.1/thumb/v7e-m+fp/hard\libgcc.a
LOAD c:/gcc-arm-none-eabi-10.3-2021.10/bin/../lib/gcc/arm-none-eabi/10.3.1/../../../../arm-none-eabi/lib/thumb/v7e-m+fp/hard\libc_nano.a
END GROUP
START GROUP
LOAD c:/gcc-arm-none-eabi-10.3-2021.10/bin/../lib/gcc/arm-none-eabi/10.3.1/thumb/v7e-m+fp/hard\libgcc.a
LOAD c:/gcc-arm-none-eabi-10.3-2021.10/bin/../lib/gcc/arm-none-eabi/10.3.1/../../../../arm-none-eabi/lib/thumb/v7e-m+fp/hard\libc_nano.a
END GROUP
LOAD c:/gcc-arm-none-eabi-10.3-2021.10/bin/../lib/gcc/arm-none-eabi/10.3.1/thumb/v7e-m+fp/hard/crtend.o
LOAD c:/gcc-arm-none-eabi-10.3-2021.10/bin/../lib/gcc/arm-none-eabi/10.3.1/thumb/v7e-m+fp/hard/crtn.o
                0x20020000                _estack = (ORIGIN (RAM) + LENGTH (RAM))
                0x00000200                _Min_Heap_Size = 0x200
                0x00000400                _Min_Stack_Size = 0x400

.isr_vector     0x08000000      0x198
                0x08000000                . = ALIGN (0x4)
 *(.isr_vector)
 .isr_vector    0x08000000      0x198 build/startup_stm32f411xe.o
                0x08000000                g_pfnVectors
                0x08000198                . = ALIGN (0x4)

.text           0x08000198     0x3e24
                0x08000198                . = ALIGN (0x4)
 *(.text)
 .text          0x08000198       0x40 c:/gcc-arm-none-eabi-10.3-2021.10/bin/../lib/gcc/arm-none-eabi/10.3.1/thumb/v7e-m+fp/hard/crtbegin.o
 .text          0x080001d8       0x10 c:/gcc-arm-none-eabi-10.3-2021.10/bin/../lib/gcc/arm-none-eabi/10.3.1/../../../../arm-none-eabi/lib/thumb/v7e-m+fp/hard\libc_nano.a(lib_a-strlen.o)
                0x080001d8                strlen
 .text          0x080001e8       0x30 c:/gcc-arm-none-eabi-10.3-2021.10/bin/../lib/gcc/arm-none-eabi/10.3.1/thumb/v7e-m+fp/hard\libgcc.a(_aeabi_uldivmod.o)
                0x080001e8                __aeabi_uldivmod
 .text          0x08000218      0x2d0 c:/gcc-arm-none-eabi-10.3-2021.10/bin/../lib/gcc/arm-none-eabi/10.3.1/thumb/v7e-m+fp/hard\libgcc.a(_udivmoddi4.o)
                0x08000218                __udivmoddi4
 .text          0x080004e8        0x4 c:/gcc-arm-none-eabi-10.3-2021.10/bin/../lib/gcc/arm-none-eabi/10.3.1/thumb/v7e-m+fp/hard\libgcc.a(_dvmd_tls.o)
                0x080004e8                __aeabi_idiv0
                0x080004e8                __aeabi_ldiv0
 *(.text*)
 .text.MX_GPIO_Init
                0x080004ec       0x38 build/main.o
 .text.Error_Handler
                0x08000524        0x4 build/main.o
                0x08000524                Error_Handler
 .text.SystemClock_Config
                0x08000528       0xa4 build/main.o
                0x08000528                SystemClock_Config
 .text.main     0x080005cc       0x34 build/main.o
                0x080005cc                main
 .text.NMI_Handler
                0x08000600        0x2 build/stm32f4xx_it.o
                0x08000600                NMI_Handler
 .text.HardFault_Handler
                0x08000602        0x2 build/stm32f4xx_it.o
                0x08000602                HardFault_Handler
 .text.MemManage_Handler
                0x08000604        0x2 build/stm32f4xx_it.o
                0x08000604                MemManage_Handler
 .text.BusFault_Handler
                0x08000606        0x2 build/stm32f4xx_it.o
                0x08000606                BusFault_Handler
 .text.UsageFault_Handler
                0x08000608        0x2 build/stm32f4xx_it.o
                0x08000608                UsageFault_Handler
 .text.SVC_Handler
                0x0800060a        0x2 build/stm32f4xx_it.o
                0x0800060a                SVC_Handler
 .text.DebugMon_Handler
                0x0800060c        0x2 build/stm32f4xx_it.o
                0x0800060c                DebugMon_Handler
 .text.PendSV_Handler
                0x0800060e        0x2 build/stm32f4xx_it.o
                0x0800060e                PendSV_Handler
 .text.SysTick_Handler
                0x08000610        0x8 build/stm32f4xx_it.o
                0x08000610                SysTick_Handler
 .text.OTG_FS_IRQHandler
                0x08000618       0x10 build/stm32f4xx_it.o
                0x08000618                OTG_FS_IRQHandler
 .text.HAL_MspInit
                0x08000628       0x40 build/stm32f4xx_hal_msp.o
                0x08000628                HAL_MspInit
 .text.MX_USB_DEVICE_Init
                0x08000668       0x54 build/usb_device.o
                0x08000668                MX_USB_DEVICE_Init
 .text.USBD_FS_DeviceDescriptor
                0x080006bc        0xc build/usbd_desc.o
                0x080006bc                USBD_FS_DeviceDescriptor
 .text.USBD_FS_LangIDStrDescriptor
                0x080006c8        0xc build/usbd_desc.o
                0x080006c8                USBD_FS_LangIDStrDescriptor
 .text.IntToUnicode
                0x080006d4       0x46 build/usbd_desc.o
 *fill*         0x0800071a        0x2 
 .text.Get_SerialNum
                0x0800071c       0x38 build/usbd_desc.o
 .text.USBD_FS_SerialStrDescriptor
                0x08000754       0x14 build/usbd_desc.o
                0x08000754                USBD_FS_SerialStrDescriptor
 .text.USBD_FS_ProductStrDescriptor
                0x08000768       0x24 build/usbd_desc.o
                0x08000768                USBD_FS_ProductStrDescriptor
 .text.USBD_FS_ManufacturerStrDescriptor
                0x0800078c       0x1c build/usbd_desc.o
                0x0800078c                USBD_FS_ManufacturerStrDescriptor
 .text.USBD_FS_ConfigStrDescriptor
                0x080007a8       0x24 build/usbd_desc.o
                0x080007a8                USBD_FS_ConfigStrDescriptor
 .text.USBD_FS_InterfaceStrDescriptor
                0x080007cc       0x24 build/usbd_desc.o
                0x080007cc                USBD_FS_InterfaceStrDescriptor
 .text.CDC_DeInit_FS
                0x080007f0        0x4 build/usbd_cdc_if.o
 .text.CDC_Control_FS
                0x080007f4        0x4 build/usbd_cdc_if.o
 .text.CDC_TransmitCplt_FS
                0x080007f8        0x4 build/usbd_cdc_if.o
 .text.CDC_Receive_FS
                0x080007fc       0x1c build/usbd_cdc_if.o
 .text.CDC_Init_FS
                0x08000818       0x28 build/usbd_cdc_if.o
 .text.CDC_Transmit_FS
                0x08000840       0x2c build/usbd_cdc_if.o
                0x08000840                CDC_Transmit_FS
 .text.HAL_PCD_MspInit
                0x0800086c       0x84 build/usbd_conf.o
                0x0800086c                HAL_PCD_MspInit
 .text.HAL_PCD_SetupStageCallback
                0x080008f0       0x10 build/usbd_conf.o
                0x080008f0                HAL_PCD_SetupStageCallback
 .text.HAL_PCD_DataOutStageCallback
                0x08000900       0x18 build/usbd_conf.o
                0x08000900                HAL_PCD_DataOutStageCallback
 .text.HAL_PCD_DataInStageCallback
                0x08000918       0x16 build/usbd_conf.o
                0x08000918                HAL_PCD_DataInStageCallback
 .text.HAL_PCD_SOFCallback
                0x0800092e        0xc build/usbd_conf.o
                0x0800092e                HAL_PCD_SOFCallback
 .text.HAL_PCD_ResetCallback
                0x0800093a       0x24 build/usbd_conf.o
                0x0800093a                HAL_PCD_ResetCallback
 *fill*         0x0800095e        0x2 
 .text.HAL_PCD_SuspendCallback
                0x08000960       0x30 build/usbd_conf.o
                0x08000960                HAL_PCD_SuspendCallback
 .text.HAL_PCD_ResumeCallback
                0x08000990        0xc build/usbd_conf.o
                0x08000990                HAL_PCD_ResumeCallback
 .text.HAL_PCD_ISOOUTIncompleteCallback
                0x0800099c        0xc build/usbd_conf.o
                0x0800099c                HAL_PCD_ISOOUTIncompleteCallback
 .text.HAL_PCD_ISOINIncompleteCallback
                0x080009a8        0xc build/usbd_conf.o
                0x080009a8                HAL_PCD_ISOINIncompleteCallback
 .text.HAL_PCD_ConnectCallback
                0x080009b4        0xc build/usbd_conf.o
                0x080009b4                HAL_PCD_ConnectCallback
 .text.HAL_PCD_DisconnectCallback
                0x080009c0        0xc build/usbd_conf.o
                0x080009c0                HAL_PCD_DisconnectCallback
 .text.USBD_LL_Init
                0x080009cc       0x68 build/usbd_conf.o
                0x080009cc                USBD_LL_Init
 .text.USBD_LL_IsStallEP
                0x08000a34       0x2e build/usbd_conf.o
                0x08000a34                USBD_LL_IsStallEP
 .text.USBD_LL_GetRxDataSize
                0x08000a62        0xc build/usbd_conf.o
                0x08000a62                USBD_LL_GetRxDataSize
 *fill*         0x08000a6e        0x2 
 .text.USBD_static_malloc
                0x08000a70        0x8 build/usbd_conf.o
                0x08000a70                USBD_static_malloc
 .text.USBD_static_free
                0x08000a78        0x2 build/usbd_conf.o
                0x08000a78                USBD_static_free
 .text.USBD_Get_USB_Status
                0x08000a7a       0x14 build/usbd_conf.o
                0x08000a7a                USBD_Get_USB_Status
 .text.USBD_LL_Start
                0x08000a8e       0x10 build/usbd_conf.o
                0x08000a8e                USBD_LL_Start
 .text.USBD_LL_OpenEP
                0x08000a9e       0x16 build/usbd_conf.o
                0x08000a9e                USBD_LL_OpenEP
 .text.USBD_LL_CloseEP
                0x08000ab4       0x10 build/usbd_conf.o
                0x08000ab4                USBD_LL_CloseEP
 .text.USBD_LL_StallEP
                0x08000ac4       0x10 build/usbd_conf.o
                0x08000ac4                USBD_LL_StallEP
 .text.USBD_LL_ClearStallEP
                0x08000ad4       0x10 build/usbd_conf.o
                0x08000ad4                USBD_LL_ClearStallEP
 .text.USBD_LL_SetUSBAddress
                0x08000ae4       0x10 build/usbd_conf.o
                0x08000ae4                USBD_LL_SetUSBAddress
 .text.USBD_LL_Transmit
                0x08000af4       0x10 build/usbd_conf.o
                0x08000af4                USBD_LL_Transmit
 .text.USBD_LL_PrepareReceive
                0x08000b04       0x10 build/usbd_conf.o
                0x08000b04                USBD_LL_PrepareReceive
 .text.PCD_WriteEmptyTxFifo
                0x08000b14       0xd0 build/stm32f4xx_hal_pcd.o
 .text.HAL_PCD_Init
                0x08000be4      0x12e build/stm32f4xx_hal_pcd.o
                0x08000be4                HAL_PCD_Init
 .text.HAL_PCD_Start
                0x08000d12       0x42 build/stm32f4xx_hal_pcd.o
                0x08000d12                HAL_PCD_Start
 .text.PCD_EP_OutXfrComplete_int
                0x08000d54      0x104 build/stm32f4xx_hal_pcd.o
 .text.PCD_EP_OutSetupPacket_int
                0x08000e58       0x50 build/stm32f4xx_hal_pcd.o
 .text.HAL_PCD_SetAddress
                0x08000ea8       0x28 build/stm32f4xx_hal_pcd.o
                0x08000ea8                HAL_PCD_SetAddress
 .text.HAL_PCD_EP_Open
                0x08000ed0       0x8a build/stm32f4xx_hal_pcd.o
                0x08000ed0                HAL_PCD_EP_Open
 .text.HAL_PCD_EP_Close
                0x08000f5a       0x72 build/stm32f4xx_hal_pcd.o
                0x08000f5a                HAL_PCD_EP_Close
 .text.HAL_PCD_EP_Receive
                0x08000fcc       0x5e build/stm32f4xx_hal_pcd.o
                0x08000fcc                HAL_PCD_EP_Receive
 .text.HAL_PCD_EP_GetRxCount
                0x0800102a       0x12 build/stm32f4xx_hal_pcd.o
                0x0800102a                HAL_PCD_EP_GetRxCount
 .text.HAL_PCD_EP_Transmit
                0x0800103c       0x5e build/stm32f4xx_hal_pcd.o
                0x0800103c                HAL_PCD_EP_Transmit
 .text.HAL_PCD_EP_SetStall
                0x0800109a       0x88 build/stm32f4xx_hal_pcd.o
                0x0800109a                HAL_PCD_EP_SetStall
 .text.HAL_PCD_EP_ClrStall
                0x08001122       0x76 build/stm32f4xx_hal_pcd.o
                0x08001122                HAL_PCD_EP_ClrStall
 .text.HAL_PCD_EP_Abort
                0x08001198       0x34 build/stm32f4xx_hal_pcd.o
                0x08001198                HAL_PCD_EP_Abort
 .text.HAL_PCD_IRQHandler
                0x080011cc      0x5c4 build/stm32f4xx_hal_pcd.o
                0x080011cc                HAL_PCD_IRQHandler
 .text.HAL_PCDEx_SetTxFiFo
                0x08001790       0x4c build/stm32f4xx_hal_pcd_ex.o
                0x08001790                HAL_PCDEx_SetTxFiFo
 .text.HAL_PCDEx_SetRxFiFo
                0x080017dc        0x8 build/stm32f4xx_hal_pcd_ex.o
                0x080017dc                HAL_PCDEx_SetRxFiFo
 .text.HAL_PCDEx_LPM_Callback
                0x080017e4        0x2 build/stm32f4xx_hal_pcd_ex.o
                0x080017e4                HAL_PCDEx_LPM_Callback
 *fill*         0x080017e6        0x2 
 .text.USB_CoreReset
                0x080017e8       0x50 build/stm32f4xx_ll_usb.o
 .text.USB_CoreInit
                0x08001838       0x8a build/stm32f4xx_ll_usb.o
                0x08001838                USB_CoreInit
 *fill*         0x080018c2        0x2 
 .text.USB_SetTurnaroundTime
                0x080018c4       0xe4 build/stm32f4xx_ll_usb.o
                0x080018c4                USB_SetTurnaroundTime
 .text.USB_EnableGlobalInt
                0x080019a8        0xc build/stm32f4xx_ll_usb.o
                0x080019a8                USB_EnableGlobalInt
 .text.USB_DisableGlobalInt
                0x080019b4        0xc build/stm32f4xx_ll_usb.o
                0x080019b4                USB_DisableGlobalInt
 .text.USB_FlushTxFifo
                0x080019c0       0x50 build/stm32f4xx_ll_usb.o
                0x080019c0                USB_FlushTxFifo
 .text.USB_FlushRxFifo
                0x08001a10       0x4c build/stm32f4xx_ll_usb.o
                0x08001a10                USB_FlushRxFifo
 .text.USB_SetDevSpeed
                0x08001a5c        0xe build/stm32f4xx_ll_usb.o
                0x08001a5c                USB_SetDevSpeed
 *fill*         0x08001a6a        0x2 
 .text.USB_DevInit
                0x08001a6c      0x190 build/stm32f4xx_ll_usb.o
                0x08001a6c                USB_DevInit
 .text.USB_GetDevSpeed
                0x08001bfc       0x22 build/stm32f4xx_ll_usb.o
                0x08001bfc                USB_GetDevSpeed
 .text.USB_ActivateEndpoint
                0x08001c1e       0x9c build/stm32f4xx_ll_usb.o
                0x08001c1e                USB_ActivateEndpoint
 *fill*         0x08001cba        0x2 
 .text.USB_DeactivateEndpoint
                0x08001cbc       0xe0 build/stm32f4xx_ll_usb.o
                0x08001cbc                USB_DeactivateEndpoint
 .text.USB_EP0StartXfer
                0x08001d9c      0x124 build/stm32f4xx_ll_usb.o
                0x08001d9c                USB_EP0StartXfer
 .text.USB_EPStopXfer
                0x08001ec0       0xbe build/stm32f4xx_ll_usb.o
                0x08001ec0                USB_EPStopXfer
 .text.USB_WritePacket
                0x08001f7e       0x2e build/stm32f4xx_ll_usb.o
                0x08001f7e                USB_WritePacket
 .text.USB_EPStartXfer
                0x08001fac      0x234 build/stm32f4xx_ll_usb.o
                0x08001fac                USB_EPStartXfer
 .text.USB_ReadPacket
                0x080021e0       0x54 build/stm32f4xx_ll_usb.o
                0x080021e0                USB_ReadPacket
 .text.USB_EPSetStall
                0x08002234       0x5a build/stm32f4xx_ll_usb.o
                0x08002234                USB_EPSetStall
 .text.USB_EPClearStall
                0x0800228e       0x5c build/stm32f4xx_ll_usb.o
                0x0800228e                USB_EPClearStall
 .text.USB_SetDevAddress
                0x080022ea       0x20 build/stm32f4xx_ll_usb.o
                0x080022ea                USB_SetDevAddress
 .text.USB_DevConnect
                0x0800230a       0x1c build/stm32f4xx_ll_usb.o
                0x0800230a                USB_DevConnect
 .text.USB_DevDisconnect
                0x08002326       0x1c build/stm32f4xx_ll_usb.o
                0x08002326                USB_DevDisconnect
 .text.USB_ReadInterrupts
                0x08002342        0x8 build/stm32f4xx_ll_usb.o
                0x08002342                USB_ReadInterrupts
 .text.USB_ReadDevAllOutEpInterrupt
                0x0800234a       0x10 build/stm32f4xx_ll_usb.o
                0x0800234a                USB_ReadDevAllOutEpInterrupt
 .text.USB_ReadDevAllInEpInterrupt
                0x0800235a       0x10 build/stm32f4xx_ll_usb.o
                0x0800235a                USB_ReadDevAllInEpInterrupt
 .text.USB_ReadDevOutEPInterrupt
                0x0800236a       0x12 build/stm32f4xx_ll_usb.o
                0x0800236a                USB_ReadDevOutEPInterrupt
 .text.USB_ReadDevInEPInterrupt
                0x0800237c       0x28 build/stm32f4xx_ll_usb.o
                0x0800237c                USB_ReadDevInEPInterrupt
 .text.USB_GetMode
                0x080023a4        0x8 build/stm32f4xx_ll_usb.o
                0x080023a4                USB_GetMode
 .text.USB_SetCurrentMode
                0x080023ac       0x62 build/stm32f4xx_ll_usb.o
                0x080023ac                USB_SetCurrentMode
 .text.USB_ActivateSetup
                0x0800240e       0x20 build/stm32f4xx_ll_usb.o
                0x0800240e                USB_ActivateSetup
 *fill*         0x0800242e        0x2 
 .text.USB_EP0_OutStart
                0x08002430       0x60 build/stm32f4xx_ll_usb.o
                0x08002430                USB_EP0_OutStart
 .text.HAL_RCC_OscConfig
                0x08002490      0x3f8 build/stm32f4xx_hal_rcc.o
                0x08002490                HAL_RCC_OscConfig
 .text.HAL_RCC_GetSysClockFreq
                0x08002888       0xd4 build/stm32f4xx_hal_rcc.o
                0x08002888                HAL_RCC_GetSysClockFreq
 .text.HAL_RCC_ClockConfig
                0x0800295c      0x160 build/stm32f4xx_hal_rcc.o
                0x0800295c                HAL_RCC_ClockConfig
 .text.HAL_RCC_GetHCLKFreq
                0x08002abc        0xc build/stm32f4xx_hal_rcc.o
                0x08002abc                HAL_RCC_GetHCLKFreq
 .text.HAL_GPIO_Init
                0x08002ac8      0x1c0 build/stm32f4xx_hal_gpio.o
                0x08002ac8                HAL_GPIO_Init
 .text.HAL_NVIC_SetPriorityGrouping
                0x08002c88       0x24 build/stm32f4xx_hal_cortex.o
                0x08002c88                HAL_NVIC_SetPriorityGrouping
 .text.HAL_NVIC_SetPriority
                0x08002cac       0x70 build/stm32f4xx_hal_cortex.o
                0x08002cac                HAL_NVIC_SetPriority
 .text.HAL_NVIC_EnableIRQ
                0x08002d1c       0x1c build/stm32f4xx_hal_cortex.o
                0x08002d1c                HAL_NVIC_EnableIRQ
 .text.HAL_SYSTICK_Config
                0x08002d38       0x28 build/stm32f4xx_hal_cortex.o
                0x08002d38                HAL_SYSTICK_Config
 .text.HAL_InitTick
                0x08002d60       0x4c build/stm32f4xx_hal.o
                0x08002d60                HAL_InitTick
 .text.HAL_Init
                0x08002dac       0x34 build/stm32f4xx_hal.o
                0x08002dac                HAL_Init
 .text.HAL_IncTick
                0x08002de0       0x18 build/stm32f4xx_hal.o
                0x08002de0                HAL_IncTick
 .text.HAL_GetTick
                0x08002df8        0xc build/stm32f4xx_hal.o
                0x08002df8                HAL_GetTick
 .text.HAL_Delay
                0x08002e04       0x28 build/stm32f4xx_hal.o
                0x08002e04                HAL_Delay
 .text.SystemInit
                0x08002e2c       0x14 build/system_stm32f4xx.o
                0x08002e2c                SystemInit
 .text.USBD_Init
                0x08002e40       0x2e build/usbd_core.o
                0x08002e40                USBD_Init
 .text.USBD_RegisterClass
                0x08002e6e       0x34 build/usbd_core.o
                0x08002e6e                USBD_RegisterClass
 .text.USBD_Start
                0x08002ea2        0x8 build/usbd_core.o
                0x08002ea2                USBD_Start
 .text.USBD_SetClassConfig
                0x08002eaa       0x12 build/usbd_core.o
                0x08002eaa                USBD_SetClassConfig
 .text.USBD_ClrClassConfig
                0x08002ebc       0x12 build/usbd_core.o
                0x08002ebc                USBD_ClrClassConfig
 .text.USBD_LL_SetupStage
                0x08002ece       0x58 build/usbd_core.o
                0x08002ece                USBD_LL_SetupStage
 .text.USBD_LL_Reset
                0x08002f26       0x64 build/usbd_core.o
                0x08002f26                USBD_LL_Reset
 .text.USBD_LL_SetSpeed
                0x08002f8a        0x6 build/usbd_core.o
                0x08002f8a                USBD_LL_SetSpeed
 .text.USBD_LL_Suspend
                0x08002f90       0x14 build/usbd_core.o
                0x08002f90                USBD_LL_Suspend
 .text.USBD_LL_Resume
                0x08002fa4       0x1a build/usbd_core.o
                0x08002fa4                USBD_LL_Resume
 .text.USBD_LL_SOF
                0x08002fbe       0x22 build/usbd_core.o
                0x08002fbe                USBD_LL_SOF
 .text.USBD_LL_IsoINIncomplete
                0x08002fe0       0x2e build/usbd_core.o
                0x08002fe0                USBD_LL_IsoINIncomplete
 .text.USBD_LL_IsoOUTIncomplete
                0x0800300e       0x2e build/usbd_core.o
                0x0800300e                USBD_LL_IsoOUTIncomplete
 .text.USBD_LL_DevConnected
                0x0800303c        0x4 build/usbd_core.o
                0x0800303c                USBD_LL_DevConnected
 .text.USBD_LL_DevDisconnected
                0x08003040       0x20 build/usbd_core.o
                0x08003040                USBD_LL_DevDisconnected
 .text.USBD_CoreFindIF
                0x08003060        0x4 build/usbd_core.o
                0x08003060                USBD_CoreFindIF
 .text.USBD_CoreFindEP
                0x08003064        0x4 build/usbd_core.o
                0x08003064                USBD_CoreFindEP
 .text.USBD_LL_DataOutStage
                0x08003068       0xc6 build/usbd_core.o
                0x08003068                USBD_LL_DataOutStage
 .text.USBD_LL_DataInStage
                0x0800312e       0xd6 build/usbd_core.o
                0x0800312e                USBD_LL_DataInStage
 .text.USBD_GetNextDesc
                0x08003204        0xe build/usbd_core.o
                0x08003204                USBD_GetNextDesc
 .text.USBD_GetEpDesc
                0x08003212       0x3e build/usbd_core.o
                0x08003212                USBD_GetEpDesc
 .text.USBD_GetLen
                0x08003250       0x14 build/usbd_ctlreq.o
 .text.USBD_ParseSetupRequest
                0x08003264       0x28 build/usbd_ctlreq.o
                0x08003264                USBD_ParseSetupRequest
 .text.USBD_CtlError
                0x0800328c       0x14 build/usbd_ctlreq.o
                0x0800328c                USBD_CtlError
 .text.USBD_GetDescriptor
                0x080032a0      0x18a build/usbd_ctlreq.o
 .text.USBD_SetAddress
                0x0800342a       0x50 build/usbd_ctlreq.o
 *fill*         0x0800347a        0x2 
 .text.USBD_SetConfig
                0x0800347c       0xcc build/usbd_ctlreq.o
 .text.USBD_GetConfig
                0x08003548       0x40 build/usbd_ctlreq.o
 .text.USBD_GetStatus
                0x08003588       0x38 build/usbd_ctlreq.o
 .text.USBD_SetFeature
                0x080035c0       0x2a build/usbd_ctlreq.o
 .text.USBD_ClrFeature
                0x080035ea       0x26 build/usbd_ctlreq.o
 .text.USBD_StdDevReq
                0x08003610       0x76 build/usbd_ctlreq.o
                0x08003610                USBD_StdDevReq
 .text.USBD_StdItfReq
                0x08003686       0x84 build/usbd_ctlreq.o
                0x08003686                USBD_StdItfReq
 .text.USBD_StdEPReq
                0x0800370a      0x230 build/usbd_ctlreq.o
                0x0800370a                USBD_StdEPReq
 .text.USBD_GetString
                0x0800393a       0x3a build/usbd_ctlreq.o
                0x0800393a                USBD_GetString
 .text.USBD_CtlSendData
                0x08003974       0x1a build/usbd_ioreq.o
                0x08003974                USBD_CtlSendData
 .text.USBD_CtlContinueSendData
                0x0800398e       0x10 build/usbd_ioreq.o
                0x0800398e                USBD_CtlContinueSendData
 .text.USBD_CtlPrepareRx
                0x0800399e       0x1e build/usbd_ioreq.o
                0x0800399e                USBD_CtlPrepareRx
 .text.USBD_CtlContinueRx
                0x080039bc       0x10 build/usbd_ioreq.o
                0x080039bc                USBD_CtlContinueRx
 .text.USBD_CtlSendStatus
                0x080039cc       0x16 build/usbd_ioreq.o
                0x080039cc                USBD_CtlSendStatus
 .text.USBD_CtlReceiveStatus
                0x080039e2       0x16 build/usbd_ioreq.o
                0x080039e2                USBD_CtlReceiveStatus
 .text.USBD_CDC_EP0_RxReady
                0x080039f8       0x40 build/usbd_cdc.o
 .text.USBD_CDC_GetDeviceQualifierDescriptor
                0x08003a38        0xc build/usbd_cdc.o
                0x08003a38                USBD_CDC_GetDeviceQualifierDescriptor
 .text.USBD_CDC_GetOtherSpeedCfgDesc
                0x08003a44       0x48 build/usbd_cdc.o
 .text.USBD_CDC_GetFSCfgDesc
                0x08003a8c       0x48 build/usbd_cdc.o
 .text.USBD_CDC_GetHSCfgDesc
                0x08003ad4       0x48 build/usbd_cdc.o
 .text.USBD_CDC_DataOut
                0x08003b1c       0x38 build/usbd_cdc.o
 .text.USBD_CDC_DataIn
                0x08003b54       0x7c build/usbd_cdc.o
 .text.USBD_CDC_Setup
                0x08003bd0      0x11a build/usbd_cdc.o
 .text.USBD_CDC_DeInit
                0x08003cea       0x64 build/usbd_cdc.o
 .text.USBD_CDC_Init
                0x08003d4e       0xee build/usbd_cdc.o
 .text.USBD_CDC_RegisterInterface
                0x08003e3c       0x16 build/usbd_cdc.o
                0x08003e3c                USBD_CDC_RegisterInterface
 .text.USBD_CDC_SetTxBuffer
                0x08003e52       0x1c build/usbd_cdc.o
                0x08003e52                USBD_CDC_SetTxBuffer
 .text.USBD_CDC_SetRxBuffer
                0x08003e6e       0x18 build/usbd_cdc.o
                0x08003e6e                USBD_CDC_SetRxBuffer
 .text.USBD_CDC_TransmitPacket
                0x08003e86       0x3a build/usbd_cdc.o
                0x08003e86                USBD_CDC_TransmitPacket
 .text.USBD_CDC_ReceivePacket
                0x08003ec0       0x38 build/usbd_cdc.o
                0x08003ec0                USBD_CDC_ReceivePacket
 .text.Reset_Handler
                0x08003ef8       0x50 build/startup_stm32f411xe.o
                0x08003ef8                Reset_Handler
 .text.Default_Handler
                0x08003f48        0x2 build/startup_stm32f411xe.o
                0x08003f48                RTC_Alarm_IRQHandler
                0x08003f48                EXTI2_IRQHandler
                0x08003f48                SPI4_IRQHandler
                0x08003f48                TIM1_CC_IRQHandler
                0x08003f48                DMA2_Stream5_IRQHandler
                0x08003f48                DMA1_Stream5_IRQHandler
                0x08003f48                PVD_IRQHandler
                0x08003f48                SDIO_IRQHandler
                0x08003f48                TAMP_STAMP_IRQHandler
                0x08003f48                EXTI3_IRQHandler
                0x08003f48                TIM1_UP_TIM10_IRQHandler
                0x08003f48                I2C3_ER_IRQHandler
                0x08003f48                EXTI0_IRQHandler
                0x08003f48                I2C2_EV_IRQHandler
                0x08003f48                DMA1_Stream2_IRQHandler
                0x08003f48                FPU_IRQHandler
                0x08003f48                DMA2_Stream2_IRQHandler
                0x08003f48                SPI1_IRQHandler
                0x08003f48                TIM1_BRK_TIM9_IRQHandler
                0x08003f48                DMA2_Stream3_IRQHandler
                0x08003f48                USART6_IRQHandler
                0x08003f48                DMA2_Stream0_IRQHandler
                0x08003f48                TIM4_IRQHandler
                0x08003f48                I2C1_EV_IRQHandler
                0x08003f48                DMA1_Stream6_IRQHandler
                0x08003f48                DMA1_Stream1_IRQHandler
                0x08003f48                TIM3_IRQHandler
                0x08003f48                RCC_IRQHandler
                0x08003f48                Default_Handler
                0x08003f48                EXTI15_10_IRQHandler
                0x08003f48                ADC_IRQHandler
                0x08003f48                DMA1_Stream7_IRQHandler
                0x08003f48                SPI5_IRQHandler
                0x08003f48                TIM5_IRQHandler
                0x08003f48                DMA2_Stream7_IRQHandler
                0x08003f48                I2C3_EV_IRQHandler
                0x08003f48                EXTI9_5_IRQHandler
                0x08003f48                RTC_WKUP_IRQHandler
                0x08003f48                SPI2_IRQHandler
                0x08003f48                DMA1_Stream0_IRQHandler
                0x08003f48                EXTI4_IRQHandler
                0x08003f48                WWDG_IRQHandler
                0x08003f48                TIM2_IRQHandler
                0x08003f48                OTG_FS_WKUP_IRQHandler
                0x08003f48                TIM1_TRG_COM_TIM11_IRQHandler
                0x08003f48                EXTI1_IRQHandler
                0x08003f48                USART2_IRQHandler
                0x08003f48                I2C2_ER_IRQHandler
                0x08003f48                DMA2_Stream1_IRQHandler
                0x08003f48                FLASH_IRQHandler
                0x08003f48                DMA2_Stream4_IRQHandler
                0x08003f48                USART1_IRQHandler
                0x08003f48                SPI3_IRQHandler
                0x08003f48                DMA1_Stream4_IRQHandler
                0x08003f48                I2C1_ER_IRQHandler
                0x08003f48                DMA2_Stream6_IRQHandler
                0x08003f48                DMA1_Stream3_IRQHandler
 *fill*         0x08003f4a        0x2 
 .text.__libc_init_array
                0x08003f4c       0x48 c:/gcc-arm-none-eabi-10.3-2021.10/bin/../lib/gcc/arm-none-eabi/10.3.1/../../../../arm-none-eabi/lib/thumb/v7e-m+fp/hard\libc_nano.a(lib_a-init.o)
                0x08003f4c                __libc_init_array
 .text.memset   0x08003f94       0x10 c:/gcc-arm-none-eabi-10.3-2021.10/bin/../lib/gcc/arm-none-eabi/10.3.1/../../../../arm-none-eabi/lib/thumb/v7e-m+fp/hard\libc_nano.a(lib_a-memset.o)
                0x08003f94                memset
 *(.glue_7)
 .glue_7        0x08003fa4        0x0 linker stubs
 *(.glue_7t)
 .glue_7t       0x08003fa4        0x0 linker stubs
 *(.eh_frame)
 .eh_frame      0x08003fa4        0x0 c:/gcc-arm-none-eabi-10.3-2021.10/bin/../lib/gcc/arm-none-eabi/10.3.1/thumb/v7e-m+fp/hard/crtbegin.o
 *(.init)
 .init          0x08003fa4        0x4 c:/gcc-arm-none-eabi-10.3-2021.10/bin/../lib/gcc/arm-none-eabi/10.3.1/thumb/v7e-m+fp/hard/crti.o
                0x08003fa4                _init
 .init          0x08003fa8        0x8 c:/gcc-arm-none-eabi-10.3-2021.10/bin/../lib/gcc/arm-none-eabi/10.3.1/thumb/v7e-m+fp/hard/crtn.o
 *(.fini)
 .fini          0x08003fb0        0x4 c:/gcc-arm-none-eabi-10.3-2021.10/bin/../lib/gcc/arm-none-eabi/10.3.1/thumb/v7e-m+fp/hard/crti.o
                0x08003fb0                _fini
 .fini          0x08003fb4        0x8 c:/gcc-arm-none-eabi-10.3-2021.10/bin/../lib/gcc/arm-none-eabi/10.3.1/thumb/v7e-m+fp/hard/crtn.o
                0x08003fbc                . = ALIGN (0x4)
                0x08003fbc                _etext = .

.vfp11_veneer   0x08003fbc        0x0
 .vfp11_veneer  0x08003fbc        0x0 linker stubs

.v4_bx          0x08003fbc        0x0
 .v4_bx         0x08003fbc        0x0 linker stubs

.iplt           0x08003fbc        0x0
 .iplt          0x08003fbc        0x0 c:/gcc-arm-none-eabi-10.3-2021.10/bin/../lib/gcc/arm-none-eabi/10.3.1/thumb/v7e-m+fp/hard/crtbegin.o

.rodata         0x08003fbc       0x74
                0x08003fbc                . = ALIGN (0x4)
 *(.rodata)
 *(.rodata*)
 .rodata.str1.4
                0x08003fbc       0x1b build/main.o
 *fill*         0x08003fd7        0x1 
 .rodata.USBD_FS_ProductStrDescriptor.str1.4
                0x08003fd8       0x16 build/usbd_desc.o
 *fill*         0x08003fee        0x2 
 .rodata.USBD_FS_ManufacturerStrDescriptor.str1.4
                0x08003ff0       0x13 build/usbd_desc.o
 *fill*         0x08004003        0x1 
 .rodata.USBD_FS_ConfigStrDescriptor.str1.4
                0x08004004        0xb build/usbd_desc.o
 *fill*         0x0800400f        0x1 
 .rodata.USBD_FS_InterfaceStrDescriptor.str1.4
                0x08004010        0xe build/usbd_desc.o
 *fill*         0x0800401e        0x2 
 .rodata.AHBPrescTable
                0x08004020       0x10 build/system_stm32f4xx.o
                0x08004020                AHBPrescTable
                0x08004030                . = ALIGN (0x4)

.ARM.extab
 *(.ARM.extab* .gnu.linkonce.armextab.*)

.ARM            0x08004030        0x8
                0x08004030                __exidx_start = .
 *(.ARM.exidx*)
 .ARM.exidx     0x08004030        0x8 c:/gcc-arm-none-eabi-10.3-2021.10/bin/../lib/gcc/arm-none-eabi/10.3.1/thumb/v7e-m+fp/hard\libgcc.a(_udivmoddi4.o)
                0x08004038                __exidx_end = .

.rel.dyn        0x08004038        0x0
 .rel.iplt      0x08004038        0x0 c:/gcc-arm-none-eabi-10.3-2021.10/bin/../lib/gcc/arm-none-eabi/10.3.1/thumb/v7e-m+fp/hard/crtbegin.o

.preinit_array  0x08004038        0x0
                0x08004038                PROVIDE (__preinit_array_start = .)
 *(.preinit_array*)
                0x08004038                PROVIDE (__preinit_array_end = .)

.init_array     0x08004038        0x4
                0x08004038                PROVIDE (__init_array_start = .)
 *(SORT_BY_NAME(.init_array.*))
 *(.init_array*)
 .init_array    0x08004038        0x4 c:/gcc-arm-none-eabi-10.3-2021.10/bin/../lib/gcc/arm-none-eabi/10.3.1/thumb/v7e-m+fp/hard/crtbegin.o
                0x0800403c                PROVIDE (__init_array_end = .)

.fini_array     0x0800403c        0x4
                [!provide]                PROVIDE (__fini_array_start = .)
 *(SORT_BY_NAME(.fini_array.*))
 *(.fini_array*)
 .fini_array    0x0800403c        0x4 c:/gcc-arm-none-eabi-10.3-2021.10/bin/../lib/gcc/arm-none-eabi/10.3.1/thumb/v7e-m+fp/hard/crtbegin.o
                [!provide]                PROVIDE (__fini_array_end = .)
                0x08004040                _sidata = LOADADDR (.data)

.data           0x20000000       0xfc load address 0x08004040
                0x20000000                . = ALIGN (0x4)
                0x20000000                _sdata = .
 *(.data)
 *(.data*)
 .data.data     0x20000000        0x4 build/main.o
                0x20000000                data
 .data.FS_Desc  0x20000004       0x1c build/usbd_desc.o
                0x20000004                FS_Desc
 .data.USBD_FS_DeviceDesc
                0x20000020       0x12 build/usbd_desc.o
                0x20000020                USBD_FS_DeviceDesc
 *fill*         0x20000032        0x2 
 .data.USBD_LangIDDesc
                0x20000034        0x4 build/usbd_desc.o
                0x20000034                USBD_LangIDDesc
 .data.USBD_StringSerial
                0x20000038       0x1a build/usbd_desc.o
                0x20000038                USBD_StringSerial
 *fill*         0x20000052        0x2 
 .data.USBD_Interface_fops_FS
                0x20000054       0x14 build/usbd_cdc_if.o
                0x20000054                USBD_Interface_fops_FS
 .data.uwTickFreq
                0x20000068        0x1 build/stm32f4xx_hal.o
                0x20000068                uwTickFreq
 *fill*         0x20000069        0x3 
 .data.uwTickPrio
                0x2000006c        0x4 build/stm32f4xx_hal.o
                0x2000006c                uwTickPrio
 .data.SystemCoreClock
                0x20000070        0x4 build/system_stm32f4xx.o
                0x20000070                SystemCoreClock
 .data.USBD_CDC
                0x20000074       0x38 build/usbd_cdc.o
                0x20000074                USBD_CDC
 .data.USBD_CDC_CfgDesc
                0x200000ac       0x43 build/usbd_cdc.o
 *fill*         0x200000ef        0x1 
 .data.USBD_CDC_DeviceQualifierDesc
                0x200000f0        0xa build/usbd_cdc.o
                0x200000fc                . = ALIGN (0x4)
 *fill*         0x200000fa        0x2 
                0x200000fc                _edata = .

.igot.plt       0x200000fc        0x0 load address 0x0800413c
 .igot.plt      0x200000fc        0x0 c:/gcc-arm-none-eabi-10.3-2021.10/bin/../lib/gcc/arm-none-eabi/10.3.1/thumb/v7e-m+fp/hard/crtbegin.o
                0x200000fc                . = ALIGN (0x4)

.bss            0x200000fc     0x1c2c load address 0x0800413c
                0x200000fc                _sbss = .
                0x200000fc                __bss_start__ = _sbss
 *(.bss)
 .bss           0x200000fc       0x1c c:/gcc-arm-none-eabi-10.3-2021.10/bin/../lib/gcc/arm-none-eabi/10.3.1/thumb/v7e-m+fp/hard/crtbegin.o
 *(.bss*)
 .bss.hUsbDeviceFS
                0x20000118      0x2dc build/usb_device.o
                0x20000118                hUsbDeviceFS
 .bss.USBD_StrDesc
                0x200003f4      0x200 build/usbd_desc.o
                0x200003f4                USBD_StrDesc
 .bss.UserRxBufferFS
                0x200005f4      0x800 build/usbd_cdc_if.o
                0x200005f4                UserRxBufferFS
 .bss.UserTxBufferFS
                0x20000df4      0x800 build/usbd_cdc_if.o
                0x20000df4                UserTxBufferFS
 .bss.hpcd_USB_OTG_FS
                0x200015f4      0x50c build/usbd_conf.o
                0x200015f4                hpcd_USB_OTG_FS
 .bss.mem.0     0x20001b00      0x220 build/usbd_conf.o
 .bss.uwTick    0x20001d20        0x4 build/stm32f4xx_hal.o
                0x20001d20                uwTick
 .bss.cfgidx.0  0x20001d24        0x1 build/usbd_ctlreq.o
 *(COMMON)
                0x20001d28                . = ALIGN (0x4)
 *fill*         0x20001d25        0x3 
                0x20001d28                _ebss = .
                0x20001d28                __bss_end__ = _ebss

._user_heap_stack
                0x20001d28      0x600 load address 0x0800413c
                0x20001d28                . = ALIGN (0x8)
                [!provide]                PROVIDE (end = .)
                [!provide]                PROVIDE (_end = .)
                0x20001f28                . = (. + _Min_Heap_Size)
 *fill*         0x20001d28      0x200 
                0x20002328                . = (. + _Min_Stack_Size)
 *fill*         0x20001f28      0x400 
                0x20002328                . = ALIGN (0x8)

/DISCARD/
 libc.a(*)
 libm.a(*)
 libgcc.a(*)

.ARM.attributes
                0x00000000       0x30
 *(.ARM.attributes)
 .ARM.attributes
                0x00000000       0x1e c:/gcc-arm-none-eabi-10.3-2021.10/bin/../lib/gcc/arm-none-eabi/10.3.1/thumb/v7e-m+fp/hard/crti.o
 .ARM.attributes
                0x0000001e       0x34 c:/gcc-arm-none-eabi-10.3-2021.10/bin/../lib/gcc/arm-none-eabi/10.3.1/thumb/v7e-m+fp/hard/crtbegin.o
 .ARM.attributes
                0x00000052       0x34 build/main.o
 .ARM.attributes
                0x00000086       0x34 build/stm32f4xx_it.o
 .ARM.attributes
                0x000000ba       0x34 build/stm32f4xx_hal_msp.o
 .ARM.attributes
                0x000000ee       0x34 build/usb_device.o
 .ARM.attributes
                0x00000122       0x34 build/usbd_desc.o
 .ARM.attributes
                0x00000156       0x34 build/usbd_cdc_if.o
 .ARM.attributes
                0x0000018a       0x34 build/usbd_conf.o
 .ARM.attributes
                0x000001be       0x34 build/stm32f4xx_hal_pcd.o
 .ARM.attributes
                0x000001f2       0x34 build/stm32f4xx_hal_pcd_ex.o
 .ARM.attributes
                0x00000226       0x34 build/stm32f4xx_ll_usb.o
 .ARM.attributes
                0x0000025a       0x34 build/stm32f4xx_hal_rcc.o
 .ARM.attributes
                0x0000028e       0x34 build/stm32f4xx_hal_gpio.o
 .ARM.attributes
                0x000002c2       0x34 build/stm32f4xx_hal_cortex.o
 .ARM.attributes
                0x000002f6       0x34 build/stm32f4xx_hal.o
 .ARM.attributes
                0x0000032a       0x34 build/system_stm32f4xx.o
 .ARM.attributes
                0x0000035e       0x34 build/usbd_core.o
 .ARM.attributes
                0x00000392       0x34 build/usbd_ctlreq.o
 .ARM.attributes
                0x000003c6       0x34 build/usbd_ioreq.o
 .ARM.attributes
                0x000003fa       0x34 build/usbd_cdc.o
 .ARM.attributes
                0x0000042e       0x21 build/startup_stm32f411xe.o
 .ARM.attributes
                0x0000044f       0x34 c:/gcc-arm-none-eabi-10.3-2021.10/bin/../lib/gcc/arm-none-eabi/10.3.1/../../../../arm-none-eabi/lib/thumb/v7e-m+fp/hard\libc_nano.a(lib_a-init.o)
 .ARM.attributes
                0x00000483       0x34 c:/gcc-arm-none-eabi-10.3-2021.10/bin/../lib/gcc/arm-none-eabi/10.3.1/../../../../arm-none-eabi/lib/thumb/v7e-m+fp/hard\libc_nano.a(lib_a-memset.o)
 .ARM.attributes
                0x000004b7       0x17 c:/gcc-arm-none-eabi-10.3-2021.10/bin/../lib/gcc/arm-none-eabi/10.3.1/../../../../arm-none-eabi/lib/thumb/v7e-m+fp/hard\libc_nano.a(lib_a-strlen.o)
 .ARM.attributes
                0x000004ce       0x1e c:/gcc-arm-none-eabi-10.3-2021.10/bin/../lib/gcc/arm-none-eabi/10.3.1/thumb/v7e-m+fp/hard\libgcc.a(_aeabi_uldivmod.o)
 .ARM.attributes
                0x000004ec       0x34 c:/gcc-arm-none-eabi-10.3-2021.10/bin/../lib/gcc/arm-none-eabi/10.3.1/thumb/v7e-m+fp/hard\libgcc.a(_udivmoddi4.o)
 .ARM.attributes
                0x00000520       0x1e c:/gcc-arm-none-eabi-10.3-2021.10/bin/../lib/gcc/arm-none-eabi/10.3.1/thumb/v7e-m+fp/hard\libgcc.a(_dvmd_tls.o)
 .ARM.attributes
                0x0000053e       0x1e c:/gcc-arm-none-eabi-10.3-2021.10/bin/../lib/gcc/arm-none-eabi/10.3.1/thumb/v7e-m+fp/hard/crtn.o
OUTPUT(build/cdc_test.elf elf32-littlearm)
LOAD linker stubs
LOAD c:/gcc-arm-none-eabi-10.3-2021.10/bin/../lib/gcc/arm-none-eabi/10.3.1/../../../../arm-none-eabi/lib/thumb/v7e-m+fp/hard\libc.a
LOAD c:/gcc-arm-none-eabi-10.3-2021.10/bin/../lib/gcc/arm-none-eabi/10.3.1/../../../../arm-none-eabi/lib/thumb/v7e-m+fp/hard\libm.a
LOAD c:/gcc-arm-none-eabi-10.3-2021.10/bin/../lib/gcc/arm-none-eabi/10.3.1/thumb/v7e-m+fp/hard\libgcc.a

.debug_info     0x00000000    0x111bb
 .debug_info    0x00000000      0x726 build/main.o
 .debug_info    0x00000726      0x70c build/stm32f4xx_it.o
 .debug_info    0x00000e32      0x343 build/stm32f4xx_hal_msp.o
 .debug_info    0x00001175      0x842 build/usb_device.o
 .debug_info    0x000019b7      0x643 build/usbd_desc.o
 .debug_info    0x00001ffa      0xaa9 build/usbd_cdc_if.o
 .debug_info    0x00002aa3     0x2133 build/usbd_conf.o
 .debug_info    0x00004bd6     0x1d16 build/stm32f4xx_hal_pcd.o
 .debug_info    0x000068ec      0x7b3 build/stm32f4xx_hal_pcd_ex.o
 .debug_info    0x0000709f     0x2164 build/stm32f4xx_ll_usb.o
 .debug_info    0x00009203      0xc13 build/stm32f4xx_hal_rcc.o
 .debug_info    0x00009e16      0x872 build/stm32f4xx_hal_gpio.o
 .debug_info    0x0000a688     0x10e4 build/stm32f4xx_hal_cortex.o
 .debug_info    0x0000b76c      0xa66 build/stm32f4xx_hal.o
 .debug_info    0x0000c1d2      0x5e5 build/system_stm32f4xx.o
 .debug_info    0x0000c7b7     0x1352 build/usbd_core.o
 .debug_info    0x0000db09     0x14c9 build/usbd_ctlreq.o
 .debug_info    0x0000efd2      0x972 build/usbd_ioreq.o
 .debug_info    0x0000f944     0x1855 build/usbd_cdc.o
 .debug_info    0x00011199       0x22 build/startup_stm32f411xe.o

.debug_abbrev   0x00000000     0x2bb2
 .debug_abbrev  0x00000000      0x23c build/main.o
 .debug_abbrev  0x0000023c      0x17c build/stm32f4xx_it.o
 .debug_abbrev  0x000003b8       0xf7 build/stm32f4xx_hal_msp.o
 .debug_abbrev  0x000004af      0x188 build/usb_device.o
 .debug_abbrev  0x00000637      0x1eb build/usbd_desc.o
 .debug_abbrev  0x00000822      0x2bb build/usbd_cdc_if.o
 .debug_abbrev  0x00000add      0x2eb build/usbd_conf.o
 .debug_abbrev  0x00000dc8      0x2d1 build/stm32f4xx_hal_pcd.o
 .debug_abbrev  0x00001099      0x1c5 build/stm32f4xx_hal_pcd_ex.o
 .debug_abbrev  0x0000125e      0x2f9 build/stm32f4xx_ll_usb.o
 .debug_abbrev  0x00001557      0x2aa build/stm32f4xx_hal_rcc.o
 .debug_abbrev  0x00001801      0x22b build/stm32f4xx_hal_gpio.o
 .debug_abbrev  0x00001a2c      0x382 build/stm32f4xx_hal_cortex.o
 .debug_abbrev  0x00001dae      0x23a build/stm32f4xx_hal.o
 .debug_abbrev  0x00001fe8      0x11b build/system_stm32f4xx.o
 .debug_abbrev  0x00002103      0x2b8 build/usbd_core.o
 .debug_abbrev  0x000023bb      0x358 build/usbd_ctlreq.o
 .debug_abbrev  0x00002713      0x176 build/usbd_ioreq.o
 .debug_abbrev  0x00002889      0x317 build/usbd_cdc.o
 .debug_abbrev  0x00002ba0       0x12 build/startup_stm32f411xe.o

.debug_loc      0x00000000     0xab12
 .debug_loc     0x00000000       0x92 build/main.o
 .debug_loc     0x00000092       0x40 build/stm32f4xx_it.o
 .debug_loc     0x000000d2       0x38 build/stm32f4xx_hal_msp.o
 .debug_loc     0x0000010a       0x20 build/usb_device.o
 .debug_loc     0x0000012a      0x47b build/usbd_desc.o
 .debug_loc     0x000005a5      0x1bc build/usbd_cdc_if.o
 .debug_loc     0x00000761      0xf03 build/usbd_conf.o
 .debug_loc     0x00001664     0x1777 build/stm32f4xx_hal_pcd.o
 .debug_loc     0x00002ddb      0x116 build/stm32f4xx_hal_pcd_ex.o
 .debug_loc     0x00002ef1     0x2abe build/stm32f4xx_ll_usb.o
 .debug_loc     0x000059af      0x6e4 build/stm32f4xx_hal_rcc.o
 .debug_loc     0x00006093      0x5e8 build/stm32f4xx_hal_gpio.o
 .debug_loc     0x0000667b      0x7a4 build/stm32f4xx_hal_cortex.o
 .debug_loc     0x00006e1f      0x1e1 build/stm32f4xx_hal.o
 .debug_loc     0x00007000      0x158 build/system_stm32f4xx.o
 .debug_loc     0x00007158     0x102a build/usbd_core.o
 .debug_loc     0x00008182     0x1a19 build/usbd_ctlreq.o
 .debug_loc     0x00009b9b      0x398 build/usbd_ioreq.o
 .debug_loc     0x00009f33      0xbdf build/usbd_cdc.o

.debug_aranges  0x00000000      0xac0
 .debug_aranges
                0x00000000       0x38 build/main.o
 .debug_aranges
                0x00000038       0x68 build/stm32f4xx_it.o
 .debug_aranges
                0x000000a0       0x20 build/stm32f4xx_hal_msp.o
 .debug_aranges
                0x000000c0       0x20 build/usb_device.o
 .debug_aranges
                0x000000e0       0x60 build/usbd_desc.o
 .debug_aranges
                0x00000140       0x48 build/usbd_cdc_if.o
 .debug_aranges
                0x00000188      0x110 build/usbd_conf.o
 .debug_aranges
                0x00000298      0x148 build/stm32f4xx_hal_pcd.o
 .debug_aranges
                0x000003e0       0x38 build/stm32f4xx_hal_pcd_ex.o
 .debug_aranges
                0x00000418      0x1a0 build/stm32f4xx_ll_usb.o
 .debug_aranges
                0x000005b8       0x88 build/stm32f4xx_hal_rcc.o
 .debug_aranges
                0x00000640       0x58 build/stm32f4xx_hal_gpio.o
 .debug_aranges
                0x00000698       0xa8 build/stm32f4xx_hal_cortex.o
 .debug_aranges
                0x00000740       0xf0 build/stm32f4xx_hal.o
 .debug_aranges
                0x00000830       0x28 build/system_stm32f4xx.o
 .debug_aranges
                0x00000858       0xd8 build/usbd_core.o
 .debug_aranges
                0x00000930       0x88 build/usbd_ctlreq.o
 .debug_aranges
                0x000009b8       0x50 build/usbd_ioreq.o
 .debug_aranges
                0x00000a08       0x90 build/usbd_cdc.o
 .debug_aranges
                0x00000a98       0x28 build/startup_stm32f411xe.o

.debug_ranges   0x00000000      0xa00
 .debug_ranges  0x00000000       0x28 build/main.o
 .debug_ranges  0x00000028       0x58 build/stm32f4xx_it.o
 .debug_ranges  0x00000080       0x10 build/stm32f4xx_hal_msp.o
 .debug_ranges  0x00000090       0x10 build/usb_device.o
 .debug_ranges  0x000000a0       0x50 build/usbd_desc.o
 .debug_ranges  0x000000f0       0x38 build/usbd_cdc_if.o
 .debug_ranges  0x00000128      0x100 build/usbd_conf.o
 .debug_ranges  0x00000228      0x138 build/stm32f4xx_hal_pcd.o
 .debug_ranges  0x00000360       0x28 build/stm32f4xx_hal_pcd_ex.o
 .debug_ranges  0x00000388      0x190 build/stm32f4xx_ll_usb.o
 .debug_ranges  0x00000518       0x90 build/stm32f4xx_hal_rcc.o
 .debug_ranges  0x000005a8       0x48 build/stm32f4xx_hal_gpio.o
 .debug_ranges  0x000005f0       0xf8 build/stm32f4xx_hal_cortex.o
 .debug_ranges  0x000006e8       0xe0 build/stm32f4xx_hal.o
 .debug_ranges  0x000007c8       0x18 build/system_stm32f4xx.o
 .debug_ranges  0x000007e0       0xc8 build/usbd_core.o
 .debug_ranges  0x000008a8       0x78 build/usbd_ctlreq.o
 .debug_ranges  0x00000920       0x40 build/usbd_ioreq.o
 .debug_ranges  0x00000960       0x80 build/usbd_cdc.o
 .debug_ranges  0x000009e0       0x20 build/startup_stm32f411xe.o

.debug_line     0x00000000     0x909b
 .debug_line    0x00000000      0x35b build/main.o
 .debug_line    0x0000035b      0x2ac build/stm32f4xx_it.o
 .debug_line    0x00000607      0x174 build/stm32f4xx_hal_msp.o
 .debug_line    0x0000077b      0x1eb build/usb_device.o
 .debug_line    0x00000966      0x33d build/usbd_desc.o
 .debug_line    0x00000ca3      0x242 build/usbd_cdc_if.o
 .debug_line    0x00000ee5      0x7e8 build/usbd_conf.o
 .debug_line    0x000016cd     0x153a build/stm32f4xx_hal_pcd.o
 .debug_line    0x00002c07      0x293 build/stm32f4xx_hal_pcd_ex.o
 .debug_line    0x00002e9a     0x1e10 build/stm32f4xx_ll_usb.o
 .debug_line    0x00004caa      0xaee build/stm32f4xx_hal_rcc.o
 .debug_line    0x00005798      0x6a1 build/stm32f4xx_hal_gpio.o
 .debug_line    0x00005e39      0x756 build/stm32f4xx_hal_cortex.o
 .debug_line    0x0000658f      0x543 build/stm32f4xx_hal.o
 .debug_line    0x00006ad2      0x22e build/system_stm32f4xx.o
 .debug_line    0x00006d00      0x9a8 build/usbd_core.o
 .debug_line    0x000076a8      0xd1f build/usbd_ctlreq.o
 .debug_line    0x000083c7      0x288 build/usbd_ioreq.o
 .debug_line    0x0000864f      0x9d6 build/usbd_cdc.o
 .debug_line    0x00009025       0x76 build/startup_stm32f411xe.o

.debug_str      0x00000000     0x3504
 .debug_str     0x00000000      0x442 build/main.o
                                0x49d (size before relaxing)
 .debug_str     0x00000442      0x479 build/stm32f4xx_it.o
                                0x616 (size before relaxing)
 .debug_str     0x000008bb       0x46 build/stm32f4xx_hal_msp.o
                                0x2bb (size before relaxing)
 .debug_str     0x00000901      0x425 build/usb_device.o
                                0x683 (size before relaxing)
 .debug_str     0x00000d26      0x181 build/usbd_desc.o
                                0x42f (size before relaxing)
 .debug_str     0x00000ea7      0x13f build/usbd_cdc_if.o
                                0x764 (size before relaxing)
 .debug_str     0x00000fe6      0x9a9 build/usbd_conf.o
                               0x1438 (size before relaxing)
 .debug_str     0x0000198f      0x5cd build/stm32f4xx_hal_pcd.o
                                0xd93 (size before relaxing)
 .debug_str     0x00001f5c      0x125 build/stm32f4xx_hal_pcd_ex.o
                                0x6f7 (size before relaxing)
 .debug_str     0x00002081      0x449 build/stm32f4xx_ll_usb.o
                                0xc70 (size before relaxing)
 .debug_str     0x000024ca      0x21b build/stm32f4xx_hal_rcc.o
                                0x6e9 (size before relaxing)
 .debug_str     0x000026e5      0x136 build/stm32f4xx_hal_gpio.o
                                0x4c3 (size before relaxing)
 .debug_str     0x0000281b      0x469 build/stm32f4xx_hal_cortex.o
                                0xaa5 (size before relaxing)
 .debug_str     0x00002c84      0x295 build/stm32f4xx_hal.o
                                0x9e5 (size before relaxing)
 .debug_str     0x00002f19       0x47 build/system_stm32f4xx.o
                                0x358 (size before relaxing)
 .debug_str     0x00002f60      0x27b build/usbd_core.o
                                0x9a8 (size before relaxing)
 .debug_str     0x000031db      0x109 build/usbd_ctlreq.o
                                0x7d3 (size before relaxing)
 .debug_str     0x000032e4       0x60 build/usbd_ioreq.o
                                0x6a8 (size before relaxing)
 .debug_str     0x00003344      0x19c build/usbd_cdc.o
                                0xd44 (size before relaxing)
 .debug_str     0x000034e0       0x24 build/startup_stm32f411xe.o
                                 0x3b (size before relaxing)

.comment        0x00000000       0x49
 .comment       0x00000000       0x49 build/main.o
                                 0x4a (size before relaxing)
 .comment       0x00000049       0x4a build/stm32f4xx_it.o
 .comment       0x00000049       0x4a build/stm32f4xx_hal_msp.o
 .comment       0x00000049       0x4a build/usb_device.o
 .comment       0x00000049       0x4a build/usbd_desc.o
 .comment       0x00000049       0x4a build/usbd_cdc_if.o
 .comment       0x00000049       0x4a build/usbd_conf.o
 .comment       0x00000049       0x4a build/stm32f4xx_hal_pcd.o
 .comment       0x00000049       0x4a build/stm32f4xx_hal_pcd_ex.o
 .comment       0x00000049       0x4a build/stm32f4xx_ll_usb.o
 .comment       0x00000049       0x4a build/stm32f4xx_hal_rcc.o
 .comment       0x00000049       0x4a build/stm32f4xx_hal_gpio.o
 .comment       0x00000049       0x4a build/stm32f4xx_hal_cortex.o
 .comment       0x00000049       0x4a build/stm32f4xx_hal.o
 .comment       0x00000049       0x4a build/system_stm32f4xx.o
 .comment       0x00000049       0x4a build/usbd_core.o
 .comment       0x00000049       0x4a build/usbd_ctlreq.o
 .comment       0x00000049       0x4a build/usbd_ioreq.o
 .comment       0x00000049       0x4a build/usbd_cdc.o

.debug_frame    0x00000000     0x1abc
 .debug_frame   0x00000000       0x70 build/main.o
 .debug_frame   0x00000070       0xc0 build/stm32f4xx_it.o
 .debug_frame   0x00000130       0x2c build/stm32f4xx_hal_msp.o
 .debug_frame   0x0000015c       0x28 build/usb_device.o
 .debug_frame   0x00000184       0xe0 build/usbd_desc.o
 .debug_frame   0x00000264       0x88 build/usbd_cdc_if.o
 .debug_frame   0x000002ec      0x2e4 build/usbd_conf.o
 .debug_frame   0x000005d0      0x388 build/stm32f4xx_hal_pcd.o
 .debug_frame   0x00000958       0x5c build/stm32f4xx_hal_pcd_ex.o
 .debug_frame   0x000009b4      0x4ac build/stm32f4xx_ll_usb.o
 .debug_frame   0x00000e60      0x16c build/stm32f4xx_hal_rcc.o
 .debug_frame   0x00000fcc       0xd8 build/stm32f4xx_hal_gpio.o
 .debug_frame   0x000010a4      0x148 build/stm32f4xx_hal_cortex.o
 .debug_frame   0x000011ec      0x1ec build/stm32f4xx_hal.o
 .debug_frame   0x000013d8       0x30 build/system_stm32f4xx.o
 .debug_frame   0x00001408      0x240 build/usbd_core.o
 .debug_frame   0x00001648      0x180 build/usbd_ctlreq.o
 .debug_frame   0x000017c8       0xb8 build/usbd_ioreq.o
 .debug_frame   0x00001880      0x190 build/usbd_cdc.o
 .debug_frame   0x00001a10       0x2c c:/gcc-arm-none-eabi-10.3-2021.10/bin/../lib/gcc/arm-none-eabi/10.3.1/../../../../arm-none-eabi/lib/thumb/v7e-m+fp/hard\libc_nano.a(lib_a-init.o)
 .debug_frame   0x00001a3c       0x20 c:/gcc-arm-none-eabi-10.3-2021.10/bin/../lib/gcc/arm-none-eabi/10.3.1/../../../../arm-none-eabi/lib/thumb/v7e-m+fp/hard\libc_nano.a(lib_a-memset.o)
 .debug_frame   0x00001a5c       0x2c c:/gcc-arm-none-eabi-10.3-2021.10/bin/../lib/gcc/arm-none-eabi/10.3.1/thumb/v7e-m+fp/hard\libgcc.a(_aeabi_uldivmod.o)
 .debug_frame   0x00001a88       0x34 c:/gcc-arm-none-eabi-10.3-2021.10/bin/../lib/gcc/arm-none-eabi/10.3.1/thumb/v7e-m+fp/hard\libgcc.a(_udivmoddi4.o)

Cross Reference Table

Symbol                                            File
ADC_IRQHandler                                    build/startup_stm32f411xe.o
AHBPrescTable                                     build/system_stm32f4xx.o
                                                  build/stm32f4xx_hal_rcc.o
APBPrescTable                                     build/system_stm32f4xx.o
                                                  build/stm32f4xx_hal_rcc.o
BusFault_Handler                                  build/stm32f4xx_it.o
CDC_Transmit_FS                                   build/usbd_cdc_if.o
                                                  build/main.o
DMA1_Stream0_IRQHandler                           build/startup_stm32f411xe.o
DMA1_Stream1_IRQHandler                           build/startup_stm32f411xe.o
DMA1_Stream2_IRQHandler                           build/startup_stm32f411xe.o
DMA1_Stream3_IRQHandler                           build/startup_stm32f411xe.o
DMA1_Stream4_IRQHandler                           build/startup_stm32f411xe.o
DMA1_Stream5_IRQHandler                           build/startup_stm32f411xe.o
DMA1_Stream6_IRQHandler                           build/startup_stm32f411xe.o
DMA1_Stream7_IRQHandler                           build/startup_stm32f411xe.o
DMA2_Stream0_IRQHandler                           build/startup_stm32f411xe.o
DMA2_Stream1_IRQHandler                           build/startup_stm32f411xe.o
DMA2_Stream2_IRQHandler                           build/startup_stm32f411xe.o
DMA2_Stream3_IRQHandler                           build/startup_stm32f411xe.o
DMA2_Stream4_IRQHandler                           build/startup_stm32f411xe.o
DMA2_Stream5_IRQHandler                           build/startup_stm32f411xe.o
DMA2_Stream6_IRQHandler                           build/startup_stm32f411xe.o
DMA2_Stream7_IRQHandler                           build/startup_stm32f411xe.o
DebugMon_Handler                                  build/stm32f4xx_it.o
Default_Handler                                   build/startup_stm32f411xe.o
EXTI0_IRQHandler                                  build/startup_stm32f411xe.o
EXTI15_10_IRQHandler                              build/startup_stm32f411xe.o
EXTI1_IRQHandler                                  build/startup_stm32f411xe.o
EXTI2_IRQHandler                                  build/startup_stm32f411xe.o
EXTI3_IRQHandler                                  build/startup_stm32f411xe.o
EXTI4_IRQHandler                                  build/startup_stm32f411xe.o
EXTI9_5_IRQHandler                                build/startup_stm32f411xe.o
Error_Handler                                     build/main.o
                                                  build/usbd_conf.o
                                                  build/usb_device.o
FLASH_Erase_Sector                                build/stm32f4xx_hal_flash_ex.o
                                                  build/stm32f4xx_hal_flash.o
FLASH_FlushCaches                                 build/stm32f4xx_hal_flash_ex.o
                                                  build/stm32f4xx_hal_flash.o
FLASH_IRQHandler                                  build/startup_stm32f411xe.o
FLASH_WaitForLastOperation                        build/stm32f4xx_hal_flash.o
                                                  build/stm32f4xx_hal_flash_ex.o
FPU_IRQHandler                                    build/startup_stm32f411xe.o
FS_Desc                                           build/usbd_desc.o
                                                  build/usb_device.o
HAL_DBGMCU_DisableDBGSleepMode                    build/stm32f4xx_hal.o
HAL_DBGMCU_DisableDBGStandbyMode                  build/stm32f4xx_hal.o
HAL_DBGMCU_DisableDBGStopMode                     build/stm32f4xx_hal.o
HAL_DBGMCU_EnableDBGSleepMode                     build/stm32f4xx_hal.o
HAL_DBGMCU_EnableDBGStandbyMode                   build/stm32f4xx_hal.o
HAL_DBGMCU_EnableDBGStopMode                      build/stm32f4xx_hal.o
HAL_DMAEx_ChangeMemory                            build/stm32f4xx_hal_dma_ex.o
HAL_DMAEx_MultiBufferStart                        build/stm32f4xx_hal_dma_ex.o
HAL_DMAEx_MultiBufferStart_IT                     build/stm32f4xx_hal_dma_ex.o
HAL_DMA_Abort                                     build/stm32f4xx_hal_dma.o
HAL_DMA_Abort_IT                                  build/stm32f4xx_hal_dma.o
HAL_DMA_DeInit                                    build/stm32f4xx_hal_dma.o
HAL_DMA_GetError                                  build/stm32f4xx_hal_dma.o
HAL_DMA_GetState                                  build/stm32f4xx_hal_dma.o
HAL_DMA_IRQHandler                                build/stm32f4xx_hal_dma.o
HAL_DMA_Init                                      build/stm32f4xx_hal_dma.o
HAL_DMA_PollForTransfer                           build/stm32f4xx_hal_dma.o
HAL_DMA_RegisterCallback                          build/stm32f4xx_hal_dma.o
HAL_DMA_Start                                     build/stm32f4xx_hal_dma.o
HAL_DMA_Start_IT                                  build/stm32f4xx_hal_dma.o
HAL_DMA_UnRegisterCallback                        build/stm32f4xx_hal_dma.o
HAL_DeInit                                        build/stm32f4xx_hal.o
HAL_Delay                                         build/stm32f4xx_hal.o
                                                  build/stm32f4xx_ll_usb.o
                                                  build/usbd_conf.o
                                                  build/main.o
HAL_DisableCompensationCell                       build/stm32f4xx_hal.o
HAL_EXTI_ClearConfigLine                          build/stm32f4xx_hal_exti.o
HAL_EXTI_ClearPending                             build/stm32f4xx_hal_exti.o
HAL_EXTI_GenerateSWI                              build/stm32f4xx_hal_exti.o
HAL_EXTI_GetConfigLine                            build/stm32f4xx_hal_exti.o
HAL_EXTI_GetHandle                                build/stm32f4xx_hal_exti.o
HAL_EXTI_GetPending                               build/stm32f4xx_hal_exti.o
HAL_EXTI_IRQHandler                               build/stm32f4xx_hal_exti.o
HAL_EXTI_RegisterCallback                         build/stm32f4xx_hal_exti.o
HAL_EXTI_SetConfigLine                            build/stm32f4xx_hal_exti.o
HAL_EnableCompensationCell                        build/stm32f4xx_hal.o
HAL_FLASHEx_AdvOBGetConfig                        build/stm32f4xx_hal_flash_ex.o
HAL_FLASHEx_AdvOBProgram                          build/stm32f4xx_hal_flash_ex.o
HAL_FLASHEx_DisableFlashSleepMode                 build/stm32f4xx_hal_flash_ramfunc.o
HAL_FLASHEx_EnableFlashSleepMode                  build/stm32f4xx_hal_flash_ramfunc.o
HAL_FLASHEx_Erase                                 build/stm32f4xx_hal_flash_ex.o
HAL_FLASHEx_Erase_IT                              build/stm32f4xx_hal_flash_ex.o
HAL_FLASHEx_OBGetConfig                           build/stm32f4xx_hal_flash_ex.o
HAL_FLASHEx_OBProgram                             build/stm32f4xx_hal_flash_ex.o
HAL_FLASHEx_OB_DeSelectPCROP                      build/stm32f4xx_hal_flash_ex.o
HAL_FLASHEx_OB_SelectPCROP                        build/stm32f4xx_hal_flash_ex.o
HAL_FLASHEx_StartFlashInterfaceClk                build/stm32f4xx_hal_flash_ramfunc.o
HAL_FLASHEx_StopFlashInterfaceClk                 build/stm32f4xx_hal_flash_ramfunc.o
HAL_FLASH_EndOfOperationCallback                  build/stm32f4xx_hal_flash.o
HAL_FLASH_GetError                                build/stm32f4xx_hal_flash.o
HAL_FLASH_IRQHandler                              build/stm32f4xx_hal_flash.o
HAL_FLASH_Lock                                    build/stm32f4xx_hal_flash.o
HAL_FLASH_OB_Launch                               build/stm32f4xx_hal_flash.o
HAL_FLASH_OB_Lock                                 build/stm32f4xx_hal_flash.o
HAL_FLASH_OB_Unlock                               build/stm32f4xx_hal_flash.o
HAL_FLASH_OperationErrorCallback                  build/stm32f4xx_hal_flash.o
HAL_FLASH_Program                                 build/stm32f4xx_hal_flash.o
HAL_FLASH_Program_IT                              build/stm32f4xx_hal_flash.o
HAL_FLASH_Unlock                                  build/stm32f4xx_hal_flash.o
HAL_GPIO_DeInit                                   build/stm32f4xx_hal_gpio.o
                                                  build/usbd_conf.o
HAL_GPIO_EXTI_Callback                            build/stm32f4xx_hal_gpio.o
HAL_GPIO_EXTI_IRQHandler                          build/stm32f4xx_hal_gpio.o
HAL_GPIO_Init                                     build/stm32f4xx_hal_gpio.o
                                                  build/stm32f4xx_hal_rcc.o
                                                  build/usbd_conf.o
HAL_GPIO_LockPin                                  build/stm32f4xx_hal_gpio.o
HAL_GPIO_ReadPin                                  build/stm32f4xx_hal_gpio.o
HAL_GPIO_TogglePin                                build/stm32f4xx_hal_gpio.o
HAL_GPIO_WritePin                                 build/stm32f4xx_hal_gpio.o
HAL_GetDEVID                                      build/stm32f4xx_hal.o
HAL_GetHalVersion                                 build/stm32f4xx_hal.o
HAL_GetREVID                                      build/stm32f4xx_hal.o
HAL_GetTick                                       build/stm32f4xx_hal.o
                                                  build/stm32f4xx_hal_pwr_ex.o
                                                  build/stm32f4xx_hal_dma.o
                                                  build/stm32f4xx_hal_flash.o
                                                  build/stm32f4xx_hal_rcc_ex.o
                                                  build/stm32f4xx_hal_rcc.o
HAL_GetTickFreq                                   build/stm32f4xx_hal.o
HAL_GetTickPrio                                   build/stm32f4xx_hal.o
HAL_GetUIDw0                                      build/stm32f4xx_hal.o
HAL_GetUIDw1                                      build/stm32f4xx_hal.o
HAL_GetUIDw2                                      build/stm32f4xx_hal.o
HAL_IncTick                                       build/stm32f4xx_hal.o
                                                  build/stm32f4xx_it.o
HAL_Init                                          build/stm32f4xx_hal.o
                                                  build/main.o
HAL_InitTick                                      build/stm32f4xx_hal.o
                                                  build/stm32f4xx_hal_rcc_ex.o
                                                  build/stm32f4xx_hal_rcc.o
HAL_MPU_ConfigRegion                              build/stm32f4xx_hal_cortex.o
HAL_MPU_Disable                                   build/stm32f4xx_hal_cortex.o
HAL_MPU_Enable                                    build/stm32f4xx_hal_cortex.o
HAL_MspDeInit                                     build/stm32f4xx_hal.o
HAL_MspInit                                       build/stm32f4xx_hal_msp.o
HAL_NVIC_ClearPendingIRQ                          build/stm32f4xx_hal_cortex.o
HAL_NVIC_DisableIRQ                               build/stm32f4xx_hal_cortex.o
                                                  build/usbd_conf.o
HAL_NVIC_EnableIRQ                                build/stm32f4xx_hal_cortex.o
                                                  build/usbd_conf.o
HAL_NVIC_GetActive                                build/stm32f4xx_hal_cortex.o
HAL_NVIC_GetPendingIRQ                            build/stm32f4xx_hal_cortex.o
HAL_NVIC_GetPriority                              build/stm32f4xx_hal_cortex.o
HAL_NVIC_GetPriorityGrouping                      build/stm32f4xx_hal_cortex.o
HAL_NVIC_SetPendingIRQ                            build/stm32f4xx_hal_cortex.o
HAL_NVIC_SetPriority                              build/stm32f4xx_hal_cortex.o
                                                  build/stm32f4xx_hal.o
                                                  build/usbd_conf.o
HAL_NVIC_SetPriorityGrouping                      build/stm32f4xx_hal_cortex.o
                                                  build/stm32f4xx_hal.o
                                                  build/stm32f4xx_hal_msp.o
HAL_NVIC_SystemReset                              build/stm32f4xx_hal_cortex.o
HAL_PCDEx_BCD_Callback                            build/stm32f4xx_hal_pcd_ex.o
HAL_PCDEx_LPM_Callback                            build/stm32f4xx_hal_pcd_ex.o
                                                  build/stm32f4xx_hal_pcd.o
HAL_PCDEx_SetRxFiFo                               build/stm32f4xx_hal_pcd_ex.o
                                                  build/usbd_conf.o
HAL_PCDEx_SetTxFiFo                               build/stm32f4xx_hal_pcd_ex.o
                                                  build/usbd_conf.o
HAL_PCD_ActivateRemoteWakeup                      build/stm32f4xx_hal_pcd.o
HAL_PCD_ConnectCallback                           build/usbd_conf.o
HAL_PCD_DataInStageCallback                       build/usbd_conf.o
HAL_PCD_DataOutStageCallback                      build/usbd_conf.o
HAL_PCD_DeActivateRemoteWakeup                    build/stm32f4xx_hal_pcd.o
HAL_PCD_DeInit                                    build/stm32f4xx_hal_pcd.o
                                                  build/usbd_conf.o
HAL_PCD_DevConnect                                build/stm32f4xx_hal_pcd.o
HAL_PCD_DevDisconnect                             build/stm32f4xx_hal_pcd.o
HAL_PCD_DisconnectCallback                        build/usbd_conf.o
HAL_PCD_EP_Abort                                  build/stm32f4xx_hal_pcd.o
HAL_PCD_EP_Close                                  build/stm32f4xx_hal_pcd.o
                                                  build/usbd_conf.o
HAL_PCD_EP_ClrStall                               build/stm32f4xx_hal_pcd.o
                                                  build/usbd_conf.o
HAL_PCD_EP_Flush                                  build/stm32f4xx_hal_pcd.o
                                                  build/usbd_conf.o
HAL_PCD_EP_GetRxCount                             build/stm32f4xx_hal_pcd.o
                                                  build/usbd_conf.o
HAL_PCD_EP_Open                                   build/stm32f4xx_hal_pcd.o
                                                  build/usbd_conf.o
HAL_PCD_EP_Receive                                build/stm32f4xx_hal_pcd.o
                                                  build/usbd_conf.o
HAL_PCD_EP_SetStall                               build/stm32f4xx_hal_pcd.o
                                                  build/usbd_conf.o
HAL_PCD_EP_Transmit                               build/stm32f4xx_hal_pcd.o
                                                  build/usbd_conf.o
HAL_PCD_GetState                                  build/stm32f4xx_hal_pcd.o
HAL_PCD_IRQHandler                                build/stm32f4xx_hal_pcd.o
                                                  build/stm32f4xx_it.o
HAL_PCD_ISOINIncompleteCallback                   build/usbd_conf.o
HAL_PCD_ISOOUTIncompleteCallback                  build/usbd_conf.o
HAL_PCD_Init                                      build/stm32f4xx_hal_pcd.o
                                                  build/usbd_conf.o
HAL_PCD_MspDeInit                                 build/usbd_conf.o
HAL_PCD_MspInit                                   build/usbd_conf.o
HAL_PCD_ResetCallback                             build/usbd_conf.o
HAL_PCD_ResumeCallback                            build/usbd_conf.o
HAL_PCD_SOFCallback                               build/usbd_conf.o
HAL_PCD_SetAddress                                build/stm32f4xx_hal_pcd.o
                                                  build/usbd_conf.o
HAL_PCD_SetTestMode                               build/stm32f4xx_hal_pcd.o
HAL_PCD_SetupStageCallback                        build/usbd_conf.o
HAL_PCD_Start                                     build/stm32f4xx_hal_pcd.o
                                                  build/usbd_conf.o
HAL_PCD_Stop                                      build/stm32f4xx_hal_pcd.o
                                                  build/usbd_conf.o
HAL_PCD_SuspendCallback                           build/usbd_conf.o
HAL_PCD_WKUP_IRQHandler                           build/stm32f4xx_hal_pcd.o
HAL_PWREx_ControlVoltageScaling                   build/stm32f4xx_hal_pwr_ex.o
HAL_PWREx_DisableBkUpReg                          build/stm32f4xx_hal_pwr_ex.o
HAL_PWREx_DisableFlashPowerDown                   build/stm32f4xx_hal_pwr_ex.o
HAL_PWREx_DisableLowRegulatorLowVoltage           build/stm32f4xx_hal_pwr_ex.o
HAL_PWREx_DisableMainRegulatorLowVoltage          build/stm32f4xx_hal_pwr_ex.o
HAL_PWREx_EnableBkUpReg                           build/stm32f4xx_hal_pwr_ex.o
HAL_PWREx_EnableFlashPowerDown                    build/stm32f4xx_hal_pwr_ex.o
HAL_PWREx_EnableLowRegulatorLowVoltage            build/stm32f4xx_hal_pwr_ex.o
HAL_PWREx_EnableMainRegulatorLowVoltage           build/stm32f4xx_hal_pwr_ex.o
HAL_PWREx_GetVoltageRange                         build/stm32f4xx_hal_pwr_ex.o
HAL_PWR_ConfigPVD                                 build/stm32f4xx_hal_pwr.o
HAL_PWR_DeInit                                    build/stm32f4xx_hal_pwr.o
HAL_PWR_DisableBkUpAccess                         build/stm32f4xx_hal_pwr.o
HAL_PWR_DisablePVD                                build/stm32f4xx_hal_pwr.o
HAL_PWR_DisableSEVOnPend                          build/stm32f4xx_hal_pwr.o
HAL_PWR_DisableSleepOnExit                        build/stm32f4xx_hal_pwr.o
HAL_PWR_DisableWakeUpPin                          build/stm32f4xx_hal_pwr.o
HAL_PWR_EnableBkUpAccess                          build/stm32f4xx_hal_pwr.o
HAL_PWR_EnablePVD                                 build/stm32f4xx_hal_pwr.o
HAL_PWR_EnableSEVOnPend                           build/stm32f4xx_hal_pwr.o
HAL_PWR_EnableSleepOnExit                         build/stm32f4xx_hal_pwr.o
HAL_PWR_EnableWakeUpPin                           build/stm32f4xx_hal_pwr.o
HAL_PWR_EnterSLEEPMode                            build/stm32f4xx_hal_pwr.o
HAL_PWR_EnterSTANDBYMode                          build/stm32f4xx_hal_pwr.o
HAL_PWR_EnterSTOPMode                             build/stm32f4xx_hal_pwr.o
HAL_PWR_PVDCallback                               build/stm32f4xx_hal_pwr.o
HAL_PWR_PVD_IRQHandler                            build/stm32f4xx_hal_pwr.o
HAL_RCCEx_DisablePLLI2S                           build/stm32f4xx_hal_rcc_ex.o
HAL_RCCEx_EnablePLLI2S                            build/stm32f4xx_hal_rcc_ex.o
HAL_RCCEx_GetPeriphCLKConfig                      build/stm32f4xx_hal_rcc_ex.o
HAL_RCCEx_GetPeriphCLKFreq                        build/stm32f4xx_hal_rcc_ex.o
HAL_RCCEx_PeriphCLKConfig                         build/stm32f4xx_hal_rcc_ex.o
HAL_RCCEx_SelectLSEMode                           build/stm32f4xx_hal_rcc_ex.o
HAL_RCC_CSSCallback                               build/stm32f4xx_hal_rcc.o
HAL_RCC_ClockConfig                               build/stm32f4xx_hal_rcc.o
                                                  build/main.o
HAL_RCC_DeInit                                    build/stm32f4xx_hal_rcc_ex.o
                                                  build/stm32f4xx_hal_rcc.o
HAL_RCC_DisableCSS                                build/stm32f4xx_hal_rcc.o
HAL_RCC_EnableCSS                                 build/stm32f4xx_hal_rcc.o
HAL_RCC_GetClockConfig                            build/stm32f4xx_hal_rcc.o
HAL_RCC_GetHCLKFreq                               build/stm32f4xx_hal_rcc.o
                                                  build/stm32f4xx_hal_pcd.o
HAL_RCC_GetOscConfig                              build/stm32f4xx_hal_rcc.o
HAL_RCC_GetPCLK1Freq                              build/stm32f4xx_hal_rcc.o
HAL_RCC_GetPCLK2Freq                              build/stm32f4xx_hal_rcc.o
HAL_RCC_GetSysClockFreq                           build/stm32f4xx_hal_rcc.o
HAL_RCC_MCOConfig                                 build/stm32f4xx_hal_rcc.o
HAL_RCC_NMI_IRQHandler                            build/stm32f4xx_hal_rcc.o
HAL_RCC_OscConfig                                 build/stm32f4xx_hal_rcc.o
                                                  build/main.o
HAL_ResumeTick                                    build/stm32f4xx_hal.o
HAL_SYSTICK_CLKSourceConfig                       build/stm32f4xx_hal_cortex.o
HAL_SYSTICK_Callback                              build/stm32f4xx_hal_cortex.o
HAL_SYSTICK_Config                                build/stm32f4xx_hal_cortex.o
                                                  build/stm32f4xx_hal.o
HAL_SYSTICK_IRQHandler                            build/stm32f4xx_hal_cortex.o
HAL_SetTickFreq                                   build/stm32f4xx_hal.o
HAL_SuspendTick                                   build/stm32f4xx_hal.o
HardFault_Handler                                 build/stm32f4xx_it.o
I2C1_ER_IRQHandler                                build/startup_stm32f411xe.o
I2C1_EV_IRQHandler                                build/startup_stm32f411xe.o
I2C2_ER_IRQHandler                                build/startup_stm32f411xe.o
I2C2_EV_IRQHandler                                build/startup_stm32f411xe.o
I2C3_ER_IRQHandler                                build/startup_stm32f411xe.o
I2C3_EV_IRQHandler                                build/startup_stm32f411xe.o
MX_USB_DEVICE_Init                                build/usb_device.o
                                                  build/main.o
MemManage_Handler                                 build/stm32f4xx_it.o
NMI_Handler                                       build/stm32f4xx_it.o
OTG_FS_IRQHandler                                 build/stm32f4xx_it.o
OTG_FS_WKUP_IRQHandler                            build/startup_stm32f411xe.o
PVD_IRQHandler                                    build/startup_stm32f411xe.o
PendSV_Handler                                    build/stm32f4xx_it.o
RCC_IRQHandler                                    build/startup_stm32f411xe.o
RTC_Alarm_IRQHandler                              build/startup_stm32f411xe.o
RTC_WKUP_IRQHandler                               build/startup_stm32f411xe.o
Reset_Handler                                     build/startup_stm32f411xe.o
SDIO_IRQHandler                                   build/startup_stm32f411xe.o
SPI1_IRQHandler                                   build/startup_stm32f411xe.o
SPI2_IRQHandler                                   build/startup_stm32f411xe.o
SPI3_IRQHandler                                   build/startup_stm32f411xe.o
SPI4_IRQHandler                                   build/startup_stm32f411xe.o
SPI5_IRQHandler                                   build/startup_stm32f411xe.o
SVC_Handler                                       build/stm32f4xx_it.o
SysTick_Handler                                   build/stm32f4xx_it.o
SystemClock_Config                                build/main.o
SystemCoreClock                                   build/system_stm32f4xx.o
                                                  build/stm32f4xx_hal.o
                                                  build/stm32f4xx_hal_dma.o
                                                  build/stm32f4xx_hal_rcc_ex.o
                                                  build/stm32f4xx_hal_rcc.o
SystemCoreClockUpdate                             build/system_stm32f4xx.o
SystemInit                                        build/system_stm32f4xx.o
                                                  build/startup_stm32f411xe.o
TAMP_STAMP_IRQHandler                             build/startup_stm32f411xe.o
TIM1_BRK_TIM9_IRQHandler                          build/startup_stm32f411xe.o
TIM1_CC_IRQHandler                                build/startup_stm32f411xe.o
TIM1_TRG_COM_TIM11_IRQHandler                     build/startup_stm32f411xe.o
TIM1_UP_TIM10_IRQHandler                          build/startup_stm32f411xe.o
TIM2_IRQHandler                                   build/startup_stm32f411xe.o
TIM3_IRQHandler                                   build/startup_stm32f411xe.o
TIM4_IRQHandler                                   build/startup_stm32f411xe.o
TIM5_IRQHandler                                   build/startup_stm32f411xe.o
USART1_IRQHandler                                 build/startup_stm32f411xe.o
USART2_IRQHandler                                 build/startup_stm32f411xe.o
USART6_IRQHandler                                 build/startup_stm32f411xe.o
USBD_CDC                                          build/usbd_cdc.o
                                                  build/usb_device.o
USBD_CDC_GetDeviceQualifierDescriptor             build/usbd_cdc.o
USBD_CDC_ReceivePacket                            build/usbd_cdc.o
                                                  build/usbd_cdc_if.o
USBD_CDC_RegisterInterface                        build/usbd_cdc.o
                                                  build/usb_device.o
USBD_CDC_SetRxBuffer                              build/usbd_cdc.o
                                                  build/usbd_cdc_if.o
USBD_CDC_SetTxBuffer                              build/usbd_cdc.o
                                                  build/usbd_cdc_if.o
USBD_CDC_TransmitPacket                           build/usbd_cdc.o
                                                  build/usbd_cdc_if.o
USBD_ClrClassConfig                               build/usbd_core.o
                                                  build/usbd_ctlreq.o
USBD_CoreFindEP                                   build/usbd_core.o
                                                  build/usbd_ctlreq.o
USBD_CoreFindIF                                   build/usbd_core.o
                                                  build/usbd_ctlreq.o
USBD_CtlContinueRx                                build/usbd_ioreq.o
                                                  build/usbd_core.o
USBD_CtlContinueSendData                          build/usbd_ioreq.o
                                                  build/usbd_core.o
USBD_CtlError                                     build/usbd_ctlreq.o
                                                  build/usbd_cdc.o
USBD_CtlPrepareRx                                 build/usbd_ioreq.o
                                                  build/usbd_cdc.o
USBD_CtlReceiveStatus                             build/usbd_ioreq.o
                                                  build/usbd_core.o
USBD_CtlSendData                                  build/usbd_ioreq.o
                                                  build/usbd_cdc.o
                                                  build/usbd_ctlreq.o
USBD_CtlSendStatus                                build/usbd_ioreq.o
                                                  build/usbd_ctlreq.o
                                                  build/usbd_core.o
USBD_DeInit                                       build/usbd_core.o
USBD_FS_ConfigStrDescriptor                       build/usbd_desc.o
USBD_FS_DeviceDesc                                build/usbd_desc.o
USBD_FS_DeviceDescriptor                          build/usbd_desc.o
USBD_FS_InterfaceStrDescriptor                    build/usbd_desc.o
USBD_FS_LangIDStrDescriptor                       build/usbd_desc.o
USBD_FS_ManufacturerStrDescriptor                 build/usbd_desc.o
USBD_FS_ProductStrDescriptor                      build/usbd_desc.o
USBD_FS_SerialStrDescriptor                       build/usbd_desc.o
USBD_GetEpDesc                                    build/usbd_core.o
                                                  build/usbd_cdc.o
USBD_GetNextDesc                                  build/usbd_core.o
USBD_GetRxCount                                   build/usbd_ioreq.o
USBD_GetString                                    build/usbd_ctlreq.o
                                                  build/usbd_desc.o
USBD_Get_USB_Status                               build/usbd_conf.o
USBD_Init                                         build/usbd_core.o
                                                  build/usb_device.o
USBD_Interface_fops_FS                            build/usbd_cdc_if.o
                                                  build/usb_device.o
USBD_LL_ClearStallEP                              build/usbd_conf.o
                                                  build/usbd_ctlreq.o
USBD_LL_CloseEP                                   build/usbd_conf.o
                                                  build/usbd_cdc.o
USBD_LL_DataInStage                               build/usbd_core.o
                                                  build/usbd_conf.o
USBD_LL_DataOutStage                              build/usbd_core.o
                                                  build/usbd_conf.o
USBD_LL_DeInit                                    build/usbd_conf.o
                                                  build/usbd_core.o
USBD_LL_Delay                                     build/usbd_conf.o
USBD_LL_DevConnected                              build/usbd_core.o
                                                  build/usbd_conf.o
USBD_LL_DevDisconnected                           build/usbd_core.o
                                                  build/usbd_conf.o
USBD_LL_FlushEP                                   build/usbd_conf.o
USBD_LL_GetRxDataSize                             build/usbd_conf.o
                                                  build/usbd_cdc.o
                                                  build/usbd_ioreq.o
USBD_LL_Init                                      build/usbd_conf.o
                                                  build/usbd_core.o
USBD_LL_IsStallEP                                 build/usbd_conf.o
                                                  build/usbd_ctlreq.o
USBD_LL_IsoINIncomplete                           build/usbd_core.o
                                                  build/usbd_conf.o
USBD_LL_IsoOUTIncomplete                          build/usbd_core.o
                                                  build/usbd_conf.o
USBD_LL_OpenEP                                    build/usbd_conf.o
                                                  build/usbd_cdc.o
                                                  build/usbd_core.o
USBD_LL_PrepareReceive                            build/usbd_conf.o
                                                  build/usbd_cdc.o
                                                  build/usbd_ioreq.o
                                                  build/usbd_core.o
USBD_LL_Reset                                     build/usbd_core.o
                                                  build/usbd_conf.o
USBD_LL_Resume                                    build/usbd_core.o
                                                  build/usbd_conf.o
USBD_LL_SOF                                       build/usbd_core.o
                                                  build/usbd_conf.o
USBD_LL_SetSpeed                                  build/usbd_core.o
                                                  build/usbd_conf.o
USBD_LL_SetUSBAddress                             build/usbd_conf.o
                                                  build/usbd_ctlreq.o
USBD_LL_SetupStage                                build/usbd_core.o
                                                  build/usbd_conf.o
USBD_LL_StallEP                                   build/usbd_conf.o
                                                  build/usbd_ctlreq.o
                                                  build/usbd_core.o
USBD_LL_Start                                     build/usbd_conf.o
                                                  build/usbd_core.o
USBD_LL_Stop                                      build/usbd_conf.o
                                                  build/usbd_core.o
USBD_LL_Suspend                                   build/usbd_core.o
                                                  build/usbd_conf.o
USBD_LL_Transmit                                  build/usbd_conf.o
                                                  build/usbd_cdc.o
                                                  build/usbd_ioreq.o
USBD_LangIDDesc                                   build/usbd_desc.o
USBD_ParseSetupRequest                            build/usbd_ctlreq.o
                                                  build/usbd_core.o
USBD_RegisterClass                                build/usbd_core.o
                                                  build/usb_device.o
USBD_RunTestMode                                  build/usbd_core.o
USBD_SetClassConfig                               build/usbd_core.o
                                                  build/usbd_ctlreq.o
USBD_Start                                        build/usbd_core.o
                                                  build/usb_device.o
USBD_StdDevReq                                    build/usbd_ctlreq.o
                                                  build/usbd_core.o
USBD_StdEPReq                                     build/usbd_ctlreq.o
                                                  build/usbd_core.o
USBD_StdItfReq                                    build/usbd_ctlreq.o
                                                  build/usbd_core.o
USBD_Stop                                         build/usbd_core.o
USBD_StrDesc                                      build/usbd_desc.o
USBD_StringSerial                                 build/usbd_desc.o
USBD_static_free                                  build/usbd_conf.o
                                                  build/usbd_cdc.o
USBD_static_malloc                                build/usbd_conf.o
                                                  build/usbd_cdc.o
USB_ActivateDedicatedEndpoint                     build/stm32f4xx_ll_usb.o
USB_ActivateEndpoint                              build/stm32f4xx_ll_usb.o
                                                  build/stm32f4xx_hal_pcd.o
USB_ActivateRemoteWakeup                          build/stm32f4xx_ll_usb.o
                                                  build/stm32f4xx_hal_pcd.o
USB_ActivateSetup                                 build/stm32f4xx_ll_usb.o
                                                  build/stm32f4xx_hal_pcd.o
USB_ClearInterrupts                               build/stm32f4xx_ll_usb.o
USB_CoreInit                                      build/stm32f4xx_ll_usb.o
                                                  build/stm32f4xx_hal_pcd.o
USB_DeActivateRemoteWakeup                        build/stm32f4xx_ll_usb.o
                                                  build/stm32f4xx_hal_pcd.o
USB_DeactivateDedicatedEndpoint                   build/stm32f4xx_ll_usb.o
USB_DeactivateEndpoint                            build/stm32f4xx_ll_usb.o
                                                  build/stm32f4xx_hal_pcd.o
USB_DevConnect                                    build/stm32f4xx_ll_usb.o
                                                  build/stm32f4xx_hal_pcd.o
USB_DevDisconnect                                 build/stm32f4xx_ll_usb.o
                                                  build/stm32f4xx_hal_pcd.o
USB_DevInit                                       build/stm32f4xx_ll_usb.o
                                                  build/stm32f4xx_hal_pcd.o
USB_DisableGlobalInt                              build/stm32f4xx_ll_usb.o
                                                  build/stm32f4xx_hal_pcd.o
USB_DoPing                                        build/stm32f4xx_ll_usb.o
USB_DriveVbus                                     build/stm32f4xx_ll_usb.o
USB_EP0StartXfer                                  build/stm32f4xx_ll_usb.o
                                                  build/stm32f4xx_hal_pcd.o
USB_EP0_OutStart                                  build/stm32f4xx_ll_usb.o
                                                  build/stm32f4xx_hal_pcd.o
USB_EPClearStall                                  build/stm32f4xx_ll_usb.o
                                                  build/stm32f4xx_hal_pcd.o
USB_EPSetStall                                    build/stm32f4xx_ll_usb.o
                                                  build/stm32f4xx_hal_pcd.o
USB_EPStartXfer                                   build/stm32f4xx_ll_usb.o
                                                  build/stm32f4xx_hal_pcd.o
USB_EPStopXfer                                    build/stm32f4xx_ll_usb.o
                                                  build/stm32f4xx_hal_pcd.o
USB_EnableGlobalInt                               build/stm32f4xx_ll_usb.o
                                                  build/stm32f4xx_hal_pcd.o
USB_FlushRxFifo                                   build/stm32f4xx_ll_usb.o